14:05:04   | Slot 37 -> OK        | 4.75 KB         | 9.06 KB         | 2       
14:05:05   | Slot 74 -> OK        | 9.38 KB         | 10.54 KB        | 4       
14:05:06   | Slot 111 -> OK       | 14.00 KB        | 10.78 KB        | 6       
14:05:07   | Slot 148 -> OK       | 18.62 KB        | 10.83 KB        | 8       
14:05:08   | Slot 185 -> OK       | 23.25 KB        | 10.88 KB        | 10      
14:05:09   | Slot 222 -> OK       | 27.88 KB        | 10.93 KB        | 12      
14:05:10   | Slot 259 -> OK       | 32.50 KB        | 10.97 KB        | 14      
14:05:11   | Slot 296 -> OK       | 37.12 KB        | 11.04 KB        | 16      
14:05:12   | Slot 333 -> OK       | 41.75 KB        | 11.09 KB        | 18      
14:05:13   | Slot 370 -> OK       | 46.38 KB        | 11.14 KB        | 20      
14:05:14   | Slot 407 -> OK       | 51.00 KB        | 11.20 KB        | 22      
14:05:15   | Slot 444 -> OK       | 55.62 KB        | 11.25 KB        | 24      
14:05:16   | Slot 481 -> OK       | 60.25 KB        | 11.29 KB        | 26      
14:05:17   | Slot 518 -> OK       | 64.88 KB        | 11.34 KB        | 28      
14:05:18   | Slot 555 -> OK       | 69.50 KB        | 11.39 KB        | 30      
14:05:19   | Slot 592 -> OK       | 74.12 KB        | 11.43 KB        | 32      
14:05:20   | Slot 629 -> OK       | 78.75 KB        | 11.49 KB        | 34      
14:05:21   | Slot 666 -> OK       | 83.38 KB        | 11.55 KB        | 36      
14:05:22   | Slot 703 -> OK       | 88.00 KB        | 11.60 KB        | 38      
14:05:23   | Slot 740 -> OK       | 92.62 KB        | 11.66 KB        | 40      
14:05:24   | Slot 777 -> OK       | 97.25 KB        | 11.72 KB        | 42      
14:05:25   | Slot 814 -> OK       | 101.88 KB       | 11.78 KB        | 44      
14:05:26   | Slot 851 -> OK       | 106.50 KB       | 11.83 KB        | 46      
14:05:27   | Slot 888 -> OK       | 111.12 KB       | 11.89 KB        | 48      
14:05:28   | Slot 925 -> OK       | 115.75 KB       | 11.94 KB        | 50      
14:05:29   | Slot 962 -> OK       | 120.38 KB       | 12.00 KB        | 52      
14:05:30   | Slot 999 -> OK       | 125.00 KB       | 12.07 KB        | 54      
14:05:31   | Slot 36 -> OK        | 125.00 KB       | 12.10 KB        | 56      
14:05:32   | Slot 73 -> OK        | 125.00 KB       | 12.17 KB        | 58      
14:05:33   | Slot 110 -> OK       | 125.00 KB       | 12.23 KB        | 60      
14:05:34   | Slot 147 -> OK       | 125.00 KB       | 12.30 KB        | 62      
14:05:35   | Slot 184 -> OK       | 125.00 KB       | 12.36 KB        | 64      
14:05:36   | Slot 221 -> OK       | 125.00 KB       | 12.43 KB        | 66      
14:05:38   | Slot 258 -> OK       | 125.00 KB       | 12.52 KB        | 68      
14:05:39   | Slot 295 -> OK       | 125.00 KB       | 12.59 KB        | 70      
14:05:40   | Slot 332 -> OK       | 125.00 KB       | 12.66 KB        | 72      
14:05:41   | Slot 369 -> OK       | 125.00 KB       | 12.72 KB        | 74      
14:05:42   | Slot 406 -> OK       | 125.00 KB       | 12.79 KB        | 76      
14:05:43   | Slot 443 -> OK       | 125.00 KB       | 12.85 KB        | 78      
14:05:44   | Slot 480 -> OK       | 125.00 KB       | 12.92 KB        | 80      
14:05:45   | Slot 517 -> OK       | 125.00 KB       | 12.98 KB        | 82      
14:05:46   | Slot 554 -> OK       | 125.00 KB       | 13.05 KB        | 84      
14:05:47   | Slot 591 -> OK       | 125.00 KB       | 13.11 KB        | 86      
14:05:48   | Slot 628 -> OK       | 125.00 KB       | 13.18 KB        | 88      
14:05:49   | Slot 665 -> OK       | 125.00 KB       | 13.24 KB        | 90      
14:05:50   | Slot 702 -> OK       | 125.00 KB       | 13.31 KB        | 92      
14:05:51   | Slot 739 -> OK       | 125.00 KB       | 13.38 KB        | 94      
14:05:52   | Slot 776 -> OK       | 125.00 KB       | 13.44 KB        | 96      
14:05:53   | Slot 813 -> OK       | 125.00 KB       | 13.51 KB        | 98      
14:05:54   | Slot 850 -> OK       | 125.00 KB       | 13.57 KB        | 100     
14:05:55   | Slot 887 -> OK       | 125.00 KB       | 13.64 KB        | 102     
14:05:56   | Slot 924 -> OK       | 125.00 KB       | 13.70 KB        | 104     
14:05:57   | Slot 961 -> OK       | 125.00 KB       | 13.77 KB        | 106     
14:05:58   | Slot 998 -> OK       | 125.00 KB       | 13.83 KB        | 108     
14:05:59   | Slot 35 -> OK        | 125.00 KB       | 13.87 KB        | 110     
14:06:00   | Slot 72 -> OK        | 125.00 KB       | 13.93 KB        | 112     
14:06:01   | Slot 109 -> OK       | 125.00 KB       | 14.00 KB        | 114     
14:06:02   | Slot 146 -> OK       | 125.00 KB       | 14.06 KB        | 116     
14:06:03   | Slot 183 -> OK       | 125.00 KB       | 14.13 KB        | 118     
14:06:04   | Slot 220 -> OK       | 125.00 KB       | 14.19 KB        | 120     
14:06:05   | Slot 257 -> OK       | 125.00 KB       | 14.29 KB        | 122     
14:06:06   | Slot 294 -> OK       | 125.00 KB       | 14.36 KB        | 124     
14:06:07   | Slot 331 -> OK       | 125.00 KB       | 14.42 KB        | 126     
14:06:08   | Slot 368 -> OK       | 125.00 KB       | 14.49 KB        | 128     
14:06:09   | Slot 405 -> OK       | 125.00 KB       | 14.55 KB        | 130     
14:06:10   | Slot 442 -> OK       | 125.00 KB       | 14.62 KB        | 132     
14:06:11   | Slot 479 -> OK       | 125.00 KB       | 14.62 KB        | 134     
14:06:12   | Slot 516 -> OK       | 125.00 KB       | 14.62 KB        | 136     
14:06:13   | Slot 553 -> OK       | 125.00 KB       | 14.62 KB        | 138     
14:06:14   | Slot 590 -> OK       | 125.00 KB       | 14.62 KB        | 140     
14:06:15   | Slot 627 -> OK       | 125.00 KB       | 14.62 KB        | 142     
14:06:16   | Slot 664 -> OK       | 125.00 KB       | 14.62 KB        | 144     
14:06:17   | Slot 701 -> OK       | 125.00 KB       | 14.62 KB        | 146     
14:06:18   | Slot 738 -> OK       | 125.00 KB       | 14.62 KB        | 148     
14:06:19   | Slot 775 -> OK       | 125.00 KB       | 14.62 KB        | 150     
14:06:20   | Slot 812 -> OK       | 125.00 KB       | 14.62 KB        | 152     
14:06:21   | Slot 849 -> OK       | 125.00 KB       | 14.62 KB        | 154     
14:06:22   | Slot 886 -> OK       | 125.00 KB       | 14.62 KB        | 156     
14:06:23   | Slot 923 -> OK       | 125.00 KB       | 14.62 KB        | 158     
14:06:24   | Slot 960 -> OK       | 125.00 KB       | 14.62 KB        | 160     
14:06:25   | Slot 997 -> OK       | 125.00 KB       | 14.62 KB        | 162     
14:06:26   | Slot 34 -> OK        | 125.00 KB       | 14.62 KB        | 164     
14:06:27   | Slot 71 -> OK        | 125.00 KB       | 14.62 KB        | 166     
14:06:28   | Slot 108 -> OK       | 125.00 KB       | 14.62 KB        | 168     
14:06:29   | Slot 145 -> OK       | 125.00 KB       | 14.62 KB        | 170     
14:06:30   | Slot 182 -> OK       | 125.00 KB       | 14.62 KB        | 172     
14:06:31   | Slot 219 -> OK       | 125.00 KB       | 14.62 KB        | 174     
14:06:32   | Slot 256 -> OK       | 125.00 KB       | 14.62 KB        | 176     
14:06:33   | Slot 293 -> OK       | 125.00 KB       | 14.62 KB        | 178     
14:06:34   | Slot 330 -> OK       | 125.00 KB       | 14.62 KB        | 180     
14:06:35   | Slot 367 -> OK       | 125.00 KB       | 14.62 KB        | 182     
14:06:36   | Slot 404 -> OK       | 125.00 KB       | 14.62 KB        | 184     
14:06:37   | Slot 441 -> OK       | 125.00 KB       | 14.62 KB        | 186     
14:06:38   | Slot 478 -> OK       | 125.00 KB       | 14.62 KB        | 188     
14:06:39   | Slot 515 -> OK       | 125.00 KB       | 14.62 KB        | 190     
14:06:40   | Slot 552 -> OK       | 125.00 KB       | 14.62 KB        | 192     
14:06:41   | Slot 589 -> OK       | 125.00 KB       | 14.62 KB        | 194     
14:06:42   | Slot 626 -> OK       | 125.00 KB       | 14.62 KB        | 196     
14:06:43   | Slot 663 -> OK       | 125.00 KB       | 14.62 KB        | 198     
14:06:44   | Slot 700 -> OK       | 125.00 KB       | 14.62 KB        | 200     
14:06:45   | Slot 737 -> OK       | 125.00 KB       | 14.62 KB        | 202     
14:06:46   | Slot 774 -> OK       | 125.00 KB       | 14.62 KB        | 204     
14:06:47   | Slot 811 -> OK       | 125.00 KB       | 14.62 KB        | 206     
14:06:48   | Slot 848 -> OK       | 125.00 KB       | 14.62 KB        | 208     
14:06:49   | Slot 885 -> OK       | 125.00 KB       | 14.62 KB        | 210     
14:06:50   | Slot 922 -> OK       | 125.00 KB       | 14.62 KB        | 212     
14:06:51   | Slot 959 -> OK       | 125.00 KB       | 14.62 KB        | 214     
14:06:52   | Slot 996 -> OK       | 125.00 KB       | 14.62 KB        | 216     
14:06:53   | Slot 33 -> OK        | 125.00 KB       | 14.62 KB        | 218     
14:06:54   | Slot 70 -> OK        | 125.00 KB       | 14.62 KB        | 220     
14:06:55   | Slot 107 -> OK       | 125.00 KB       | 14.62 KB        | 222     
14:06:56   | Slot 144 -> OK       | 125.00 KB       | 14.62 KB        | 224     
14:06:57   | Slot 181 -> OK       | 125.00 KB       | 14.62 KB        | 226     
14:06:58   | Slot 218 -> OK       | 125.00 KB       | 14.62 KB        | 228     
14:06:59   | Slot 255 -> OK       | 125.00 KB       | 14.62 KB        | 230     
14:07:00   | Slot 292 -> OK       | 125.00 KB       | 14.62 KB        | 232     
14:07:01   | Slot 329 -> OK       | 125.00 KB       | 14.62 KB        | 234     
14:07:02   | Slot 366 -> OK       | 125.00 KB       | 14.62 KB        | 236     
14:07:03   | Slot 403 -> OK       | 125.00 KB       | 14.62 KB        | 238     
14:07:04   | Slot 440 -> OK       | 125.00 KB       | 14.62 KB        | 240     
14:07:05   | Slot 477 -> OK       | 125.00 KB       | 14.62 KB        | 242     
14:07:06   | Slot 514 -> OK       | 125.00 KB       | 14.62 KB        | 244     
14:07:08   | Slot 551 -> OK       | 125.00 KB       | 14.62 KB        | 246     
14:07:09   | Slot 588 -> OK       | 125.00 KB       | 14.62 KB        | 248     
14:07:10   | Slot 625 -> OK       | 125.00 KB       | 14.62 KB        | 250     
14:07:11   | Slot 662 -> OK       | 125.00 KB       | 14.62 KB        | 252     
14:07:12   | Slot 699 -> OK       | 125.00 KB       | 14.62 KB        | 254     
14:07:13   | Slot 736 -> OK       | 125.00 KB       | 14.62 KB        | 256     
14:07:14   | Slot 773 -> OK       | 125.00 KB       | 14.62 KB        | 258     
14:07:15   | Slot 810 -> OK       | 125.00 KB       | 14.65 KB        | 260     
14:07:16   | Slot 847 -> OK       | 125.00 KB       | 14.65 KB        | 262     
14:07:17   | Slot 884 -> OK       | 125.00 KB       | 14.65 KB        | 264     
14:07:18   | Slot 921 -> OK       | 125.00 KB       | 14.65 KB        | 266     
14:07:19   | Slot 958 -> OK       | 125.00 KB       | 14.65 KB        | 268     
14:07:20   | Slot 995 -> OK       | 125.00 KB       | 14.65 KB        | 270     
14:07:21   | Slot 32 -> OK        | 125.00 KB       | 14.65 KB        | 272     
14:07:22   | Slot 69 -> OK        | 125.00 KB       | 14.65 KB        | 274     
14:07:23   | Slot 106 -> OK       | 125.00 KB       | 14.65 KB        | 276     
14:07:24   | Slot 143 -> OK       | 125.00 KB       | 14.65 KB        | 278     
14:07:25   | Slot 180 -> OK       | 125.00 KB       | 14.65 KB        | 280     
14:07:26   | Slot 217 -> OK       | 125.00 KB       | 14.65 KB        | 282     
14:07:27   | Slot 254 -> OK       | 125.00 KB       | 14.65 KB        | 284     
14:07:28   | Slot 291 -> OK       | 125.00 KB       | 14.65 KB        | 286     
14:07:29   | Slot 328 -> OK       | 125.00 KB       | 14.65 KB        | 288     
14:07:30   | Slot 365 -> OK       | 125.00 KB       | 14.65 KB        | 290     
14:07:31   | Slot 402 -> OK       | 125.00 KB       | 14.65 KB        | 292     
14:07:32   | Slot 439 -> OK       | 125.00 KB       | 14.65 KB        | 294     
14:07:33   | Slot 476 -> OK       | 125.00 KB       | 14.65 KB        | 296     
14:07:34   | Slot 513 -> OK       | 125.00 KB       | 14.65 KB        | 298     
14:07:35   | Slot 550 -> OK       | 125.00 KB       | 14.65 KB        | 300     
14:07:36   | Slot 587 -> OK       | 125.00 KB       | 14.65 KB        | 302     
14:07:37   | Slot 624 -> OK       | 125.00 KB       | 14.65 KB        | 304     
14:07:38   | Slot 661 -> OK       | 125.00 KB       | 14.65 KB        | 306     
14:07:39   | Slot 698 -> OK       | 125.00 KB       | 14.65 KB        | 308     
14:07:40   | Slot 735 -> OK       | 125.00 KB       | 14.65 KB        | 310     
14:07:41   | Slot 772 -> OK       | 125.00 KB       | 14.65 KB        | 312     
14:07:42   | Slot 809 -> OK       | 125.00 KB       | 14.65 KB        | 314     
14:07:43   | Slot 846 -> OK       | 125.00 KB       | 14.65 KB        | 316     
14:07:44   | Slot 883 -> OK       | 125.00 KB       | 14.65 KB        | 318     
14:07:45   | Slot 920 -> OK       | 125.00 KB       | 14.65 KB        | 320     
14:07:46   | Slot 957 -> OK       | 125.00 KB       | 14.65 KB        | 322     
14:07:47   | Slot 994 -> OK       | 125.00 KB       | 14.65 KB        | 324     
14:07:48   | Slot 31 -> OK        | 125.00 KB       | 14.65 KB        | 326     
14:07:49   | Slot 68 -> OK        | 125.00 KB       | 14.65 KB        | 328     
14:07:50   | Slot 105 -> OK       | 125.00 KB       | 14.65 KB        | 330     
14:07:51   | Slot 142 -> OK       | 125.00 KB       | 14.65 KB        | 332     
14:07:52   | Slot 179 -> OK       | 125.00 KB       | 14.65 KB        | 334     
14:07:53   | Slot 216 -> OK       | 125.00 KB       | 14.65 KB        | 336     
14:07:54   | Slot 253 -> OK       | 125.00 KB       | 14.65 KB        | 338     
14:07:55   | Slot 290 -> OK       | 125.00 KB       | 14.65 KB        | 340     
14:07:56   | Slot 327 -> OK       | 125.00 KB       | 14.65 KB        | 342     
14:07:57   | Slot 364 -> OK       | 125.00 KB       | 14.65 KB        | 344     
14:07:58   | Slot 401 -> OK       | 125.00 KB       | 14.65 KB        | 346     
14:07:59   | Slot 438 -> OK       | 125.00 KB       | 14.65 KB        | 348     
14:08:00   | Slot 475 -> OK       | 125.00 KB       | 14.65 KB        | 350     
14:08:01   | Slot 512 -> OK       | 125.00 KB       | 14.65 KB        | 352     
14:08:03   | Slot 549 -> OK       | 125.00 KB       | 14.65 KB        | 354     
14:08:04   | Slot 586 -> OK       | 125.00 KB       | 14.65 KB        | 356     
14:08:05   | Slot 623 -> OK       | 125.00 KB       | 14.65 KB        | 358     
14:08:06   | Slot 660 -> OK       | 125.00 KB       | 14.65 KB        | 360     
14:08:07   | Slot 697 -> OK       | 125.00 KB       | 14.65 KB        | 362     
14:08:08   | Slot 734 -> OK       | 125.00 KB       | 14.65 KB        | 364     
14:08:09   | Slot 771 -> OK       | 125.00 KB       | 14.65 KB        | 366     
14:08:10   | Slot 808 -> OK       | 125.00 KB       | 14.65 KB        | 368     
14:08:11   | Slot 845 -> OK       | 125.00 KB       | 14.65 KB        | 370     
14:08:12   | Slot 882 -> OK       | 125.00 KB       | 14.65 KB        | 372     
14:08:13   | Slot 919 -> OK       | 125.00 KB       | 14.65 KB        | 374     
14:08:14   | Slot 956 -> OK       | 125.00 KB       | 14.65 KB        | 376     
14:08:15   | Slot 993 -> OK       | 125.00 KB       | 14.65 KB        | 378     
14:08:16   | Slot 30 -> OK        | 125.00 KB       | 14.65 KB        | 380     
14:08:17   | Slot 67 -> OK        | 125.00 KB       | 14.65 KB        | 382     
14:08:18   | Slot 104 -> OK       | 125.00 KB       | 14.65 KB        | 384     
14:08:19   | Slot 141 -> OK       | 125.00 KB       | 14.65 KB        | 386     
14:08:20   | Slot 178 -> OK       | 125.00 KB       | 14.65 KB        | 388     
14:08:21   | Slot 215 -> OK       | 125.00 KB       | 14.65 KB        | 390     
14:08:22   | Slot 252 -> OK       | 125.00 KB       | 14.65 KB        | 392     
14:08:23   | Slot 289 -> OK       | 125.00 KB       | 14.65 KB        | 394     
14:08:24   | Slot 326 -> OK       | 125.00 KB       | 14.65 KB        | 396     
14:08:25   | Slot 363 -> OK       | 125.00 KB       | 14.65 KB        | 398     
14:08:26   | Slot 400 -> OK       | 125.00 KB       | 14.65 KB        | 400     
14:08:27   | Slot 437 -> OK       | 125.00 KB       | 14.65 KB        | 402     
14:08:28   | Slot 474 -> OK       | 125.00 KB       | 14.65 KB        | 404     
14:08:29   | Slot 511 -> OK       | 125.00 KB       | 14.65 KB        | 406     
14:08:30   | Slot 548 -> OK       | 125.00 KB       | 14.65 KB        | 408     
14:08:31   | Slot 585 -> OK       | 125.00 KB       | 14.65 KB        | 410     
14:08:32   | Slot 622 -> OK       | 125.00 KB       | 14.65 KB        | 412     
14:08:33   | Slot 659 -> OK       | 125.00 KB       | 14.65 KB        | 414     
14:08:34   | Slot 696 -> OK       | 125.00 KB       | 14.65 KB        | 416     
14:08:35   | Slot 733 -> OK       | 125.00 KB       | 14.65 KB        | 418     
14:08:36   | Slot 770 -> OK       | 125.00 KB       | 14.65 KB        | 420     
14:08:38   | Slot 807 -> OK       | 125.00 KB       | 14.65 KB        | 422     
14:08:39   | Slot 844 -> OK       | 125.00 KB       | 14.65 KB        | 424     
14:08:40   | Slot 881 -> OK       | 125.00 KB       | 14.65 KB        | 426     
14:08:41   | Slot 918 -> OK       | 125.00 KB       | 14.65 KB        | 428     
14:08:42   | Slot 955 -> OK       | 125.00 KB       | 14.65 KB        | 430     
14:08:43   | Slot 992 -> OK       | 125.00 KB       | 14.65 KB        | 432     
14:08:44   | Slot 29 -> OK        | 125.00 KB       | 14.65 KB        | 434     
14:08:45   | Slot 66 -> OK        | 125.00 KB       | 14.65 KB        | 436     
14:08:46   | Slot 103 -> OK       | 125.00 KB       | 14.65 KB        | 438     
14:08:47   | Slot 140 -> OK       | 125.00 KB       | 14.65 KB        | 440     
14:08:48   | Slot 177 -> OK       | 125.00 KB       | 14.65 KB        | 442     
14:08:49   | Slot 214 -> OK       | 125.00 KB       | 14.65 KB        | 444     
14:08:50   | Slot 251 -> OK       | 125.00 KB       | 14.65 KB        | 446     
14:08:51   | Slot 288 -> OK       | 125.00 KB       | 14.65 KB        | 448     
14:08:52   | Slot 325 -> OK       | 125.00 KB       | 14.65 KB        | 450     
14:08:53   | Slot 362 -> OK       | 125.00 KB       | 14.65 KB        | 452     
14:08:54   | Slot 399 -> OK       | 125.00 KB       | 14.65 KB        | 454     
14:08:55   | Slot 436 -> OK       | 125.00 KB       | 14.65 KB        | 456     
14:08:56   | Slot 473 -> OK       | 125.00 KB       | 14.65 KB        | 458     
14:08:57   | Slot 510 -> OK       | 125.00 KB       | 14.65 KB        | 460     
14:08:58   | Slot 547 -> OK       | 125.00 KB       | 14.65 KB        | 462     
14:08:59   | Slot 584 -> OK       | 125.00 KB       | 14.65 KB        | 464     
14:09:00   | Slot 621 -> OK       | 125.00 KB       | 14.65 KB        | 466     
14:09:01   | Slot 658 -> OK       | 125.00 KB       | 14.65 KB        | 468     
14:09:02   | Slot 695 -> OK       | 125.00 KB       | 14.65 KB        | 470     
14:09:03   | Slot 732 -> OK       | 125.00 KB       | 14.65 KB        | 472     
14:09:04   | Slot 769 -> OK       | 125.00 KB       | 14.65 KB        | 474     
14:09:05   | Slot 806 -> OK       | 125.00 KB       | 14.65 KB        | 476     
14:09:06   | Slot 843 -> OK       | 125.00 KB       | 14.65 KB        | 478     
14:09:07   | Slot 880 -> OK       | 125.00 KB       | 14.65 KB        | 480     
14:09:08   | Slot 917 -> OK       | 125.00 KB       | 14.65 KB        | 482     
14:09:09   | Slot 954 -> OK       | 125.00 KB       | 14.65 KB        | 484     
14:09:10   | Slot 991 -> OK       | 125.00 KB       | 14.65 KB        | 486     
14:09:11   | Slot 28 -> OK        | 125.00 KB       | 14.65 KB        | 488     
14:09:12   | Slot 65 -> OK        | 125.00 KB       | 14.65 KB        | 490     
14:09:13   | Slot 102 -> OK       | 125.00 KB       | 14.65 KB        | 492     
14:09:14   | Slot 139 -> OK       | 125.00 KB       | 14.65 KB        | 494     
14:09:15   | Slot 176 -> OK       | 125.00 KB       | 14.65 KB        | 496     
14:09:16   | Slot 213 -> OK       | 125.00 KB       | 14.65 KB        | 498     
14:09:17   | Slot 250 -> OK       | 125.00 KB       | 14.65 KB        | 500     
14:09:18   | Slot 287 -> OK       | 125.00 KB       | 14.65 KB        | 502     
14:09:19   | Slot 324 -> OK       | 125.00 KB       | 14.65 KB        | 504     
14:09:20   | Slot 361 -> OK       | 125.00 KB       | 14.65 KB        | 506     
14:09:21   | Slot 398 -> OK       | 125.00 KB       | 14.65 KB        | 508     
14:09:22   | Slot 435 -> OK       | 125.00 KB       | 14.65 KB        | 510     
14:09:23   | Slot 472 -> OK       | 125.00 KB       | 14.65 KB        | 512     
14:09:24   | Slot 509 -> OK       | 125.00 KB       | 14.68 KB        | 514     
14:09:25   | Slot 546 -> OK       | 125.00 KB       | 14.75 KB        | 516     
14:09:26   | Slot 583 -> OK       | 125.00 KB       | 14.75 KB        | 518     
14:09:27   | Slot 620 -> OK       | 125.00 KB       | 14.75 KB        | 520     
14:09:28   | Slot 657 -> OK       | 125.00 KB       | 14.75 KB        | 522     
14:09:30   | Slot 694 -> OK       | 125.00 KB       | 14.75 KB        | 524     
14:09:31   | Slot 731 -> OK       | 125.00 KB       | 14.75 KB        | 526     
14:09:32   | Slot 768 -> OK       | 125.00 KB       | 14.75 KB        | 528     
14:09:33   | Slot 805 -> OK       | 125.00 KB       | 14.75 KB        | 530     
14:09:34   | Slot 842 -> OK       | 125.00 KB       | 14.75 KB        | 532     
14:09:35   | Slot 879 -> OK       | 125.00 KB       | 14.75 KB        | 534     
14:09:36   | Slot 916 -> OK       | 125.00 KB       | 14.75 KB        | 536     
14:09:37   | Slot 953 -> OK       | 125.00 KB       | 14.75 KB        | 538     
14:09:38   | Slot 990 -> OK       | 125.00 KB       | 14.75 KB        | 540     
14:09:39   | Slot 27 -> OK        | 125.00 KB       | 14.75 KB        | 542     
14:09:40   | Slot 64 -> OK        | 125.00 KB       | 14.75 KB        | 544     
14:09:41   | Slot 101 -> OK       | 125.00 KB       | 14.75 KB        | 546     
14:09:42   | Slot 138 -> OK       | 125.00 KB       | 14.75 KB        | 548     
14:09:43   | Slot 175 -> OK       | 125.00 KB       | 14.75 KB        | 550     
14:09:44   | Slot 212 -> OK       | 125.00 KB       | 14.75 KB        | 552     
14:09:45   | Slot 249 -> OK       | 125.00 KB       | 14.75 KB        | 554     
14:09:46   | Slot 286 -> OK       | 125.00 KB       | 14.75 KB        | 556     
14:09:47   | Slot 323 -> OK       | 125.00 KB       | 14.75 KB        | 558     
14:09:48   | Slot 360 -> OK       | 125.00 KB       | 14.75 KB        | 560     
14:09:49   | Slot 397 -> OK       | 125.00 KB       | 14.75 KB        | 562     
14:09:50   | Slot 434 -> OK       | 125.00 KB       | 14.75 KB        | 564     
14:09:51   | Slot 471 -> OK       | 125.00 KB       | 14.75 KB        | 566     
14:09:52   | Slot 508 -> OK       | 125.00 KB       | 14.75 KB        | 568     
14:09:53   | Slot 545 -> OK       | 125.00 KB       | 14.75 KB        | 570     
14:09:54   | Slot 582 -> OK       | 125.00 KB       | 14.75 KB        | 572     
14:09:55   | Slot 619 -> OK       | 125.00 KB       | 14.75 KB        | 574     
14:09:56   | Slot 656 -> OK       | 125.00 KB       | 14.75 KB        | 576     
14:09:57   | Slot 693 -> OK       | 125.00 KB       | 14.75 KB        | 578     
14:09:58   | Slot 730 -> OK       | 125.00 KB       | 14.75 KB        | 580     
14:09:59   | Slot 767 -> OK       | 125.00 KB       | 14.75 KB        | 582     
14:10:00   | Slot 804 -> OK       | 125.00 KB       | 14.75 KB        | 584     
14:10:01   | Slot 841 -> OK       | 125.00 KB       | 14.75 KB        | 586     
14:10:02   | Slot 878 -> OK       | 125.00 KB       | 14.75 KB        | 588     
14:10:03   | Slot 915 -> OK       | 125.00 KB       | 14.75 KB        | 590     
14:10:04   | Slot 952 -> OK       | 125.00 KB       | 14.75 KB        | 592     
14:10:05   | Slot 989 -> OK       | 125.00 KB       | 14.75 KB        | 594     
14:10:06   | Slot 26 -> OK        | 125.00 KB       | 14.75 KB        | 596     
14:10:07   | Slot 63 -> OK        | 125.00 KB       | 14.75 KB        | 598     
14:10:08   | Slot 100 -> OK       | 125.00 KB       | 14.75 KB        | 600     
14:10:09   | Slot 137 -> OK       | 125.00 KB       | 14.75 KB        | 602     
14:10:10   | Slot 174 -> OK       | 125.00 KB       | 14.75 KB        | 604     
14:10:11   | Slot 211 -> OK       | 125.00 KB       | 14.75 KB        | 606     
14:10:12   | Slot 248 -> OK       | 125.00 KB       | 14.75 KB        | 608     
14:10:14   | Slot 285 -> OK       | 125.00 KB       | 14.75 KB        | 610     
14:10:15   | Slot 322 -> OK       | 125.00 KB       | 14.75 KB        | 612     
14:10:16   | Slot 359 -> OK       | 125.00 KB       | 14.75 KB        | 614     
14:10:17   | Slot 396 -> OK       | 125.00 KB       | 14.75 KB        | 616     
14:10:18   | Slot 433 -> OK       | 125.00 KB       | 14.75 KB        | 618     
14:10:19   | Slot 470 -> OK       | 125.00 KB       | 14.75 KB        | 620     
14:10:20   | Slot 507 -> OK       | 125.00 KB       | 14.75 KB        | 622     
14:10:21   | Slot 544 -> OK       | 125.00 KB       | 14.75 KB        | 624     
14:10:22   | Slot 581 -> OK       | 125.00 KB       | 14.75 KB        | 626     
14:10:23   | Slot 618 -> OK       | 125.00 KB       | 14.75 KB        | 628     
14:10:24   | Slot 655 -> OK       | 125.00 KB       | 14.75 KB        | 630     
14:10:25   | Slot 692 -> OK       | 125.00 KB       | 14.75 KB        | 632     
14:10:26   | Slot 729 -> OK       | 125.00 KB       | 14.75 KB        | 634     
14:10:27   | Slot 766 -> OK       | 125.00 KB       | 14.75 KB        | 636     
14:10:28   | Slot 803 -> OK       | 125.00 KB       | 14.75 KB        | 638     
14:10:29   | Slot 840 -> OK       | 125.00 KB       | 14.75 KB        | 640     
14:10:30   | Slot 877 -> OK       | 125.00 KB       | 14.75 KB        | 642     
14:10:31   | Slot 914 -> OK       | 125.00 KB       | 14.75 KB        | 644     
14:10:32   | Slot 951 -> OK       | 125.00 KB       | 14.75 KB        | 646     
14:10:33   | Slot 988 -> OK       | 125.00 KB       | 14.75 KB        | 648     
14:10:34   | Slot 25 -> OK        | 125.00 KB       | 14.75 KB        | 650     
14:10:35   | Slot 62 -> OK        | 125.00 KB       | 14.75 KB        | 652     
14:10:36   | Slot 99 -> OK        | 125.00 KB       | 14.75 KB        | 654     
14:10:37   | Slot 136 -> OK       | 125.00 KB       | 14.75 KB        | 656     
14:10:38   | Slot 173 -> OK       | 125.00 KB       | 14.75 KB        | 658     
14:10:39   | Slot 210 -> OK       | 125.00 KB       | 14.75 KB        | 660     
14:10:40   | Slot 247 -> OK       | 125.00 KB       | 14.75 KB        | 662     
14:10:41   | Slot 284 -> OK       | 125.00 KB       | 14.75 KB        | 664     
14:10:42   | Slot 321 -> OK       | 125.00 KB       | 14.75 KB        | 666     
14:10:43   | Slot 358 -> OK       | 125.00 KB       | 14.75 KB        | 668     
14:10:44   | Slot 395 -> OK       | 125.00 KB       | 14.75 KB        | 670     
14:10:45   | Slot 432 -> OK       | 125.00 KB       | 14.75 KB        | 672     
14:10:46   | Slot 469 -> OK       | 125.00 KB       | 14.75 KB        | 674     
14:10:47   | Slot 506 -> OK       | 125.00 KB       | 14.75 KB        | 676     
14:10:48   | Slot 543 -> OK       | 125.00 KB       | 14.75 KB        | 678     
14:10:49   | Slot 580 -> OK       | 125.00 KB       | 14.75 KB        | 680     
14:10:50   | Slot 617 -> OK       | 125.00 KB       | 14.75 KB        | 682     
14:10:51   | Slot 654 -> OK       | 125.00 KB       | 14.75 KB        | 684     
14:10:52   | Slot 691 -> OK       | 125.00 KB       | 14.75 KB        | 686     
14:10:53   | Slot 728 -> OK       | 125.00 KB       | 14.75 KB        | 688     
14:10:54   | Slot 765 -> OK       | 125.00 KB       | 14.75 KB        | 690     
14:10:55   | Slot 802 -> OK       | 125.00 KB       | 14.75 KB        | 692     
14:10:56   | Slot 839 -> OK       | 125.00 KB       | 14.75 KB        | 694     
14:10:57   | Slot 876 -> OK       | 125.00 KB       | 14.75 KB        | 696     
14:10:58   | Slot 913 -> OK       | 125.00 KB       | 14.75 KB        | 698     
14:10:59   | Slot 950 -> OK       | 125.00 KB       | 14.75 KB        | 700     
14:11:00   | Slot 987 -> OK       | 125.00 KB       | 14.75 KB        | 702     
14:11:01   | Slot 24 -> OK        | 125.00 KB       | 14.75 KB        | 704     
14:11:02   | Slot 61 -> OK        | 125.00 KB       | 14.75 KB        | 706     
14:11:03   | Slot 98 -> OK        | 125.00 KB       | 14.75 KB        | 708     
14:11:04   | Slot 135 -> OK       | 125.00 KB       | 14.75 KB        | 710     
14:11:05   | Slot 172 -> OK       | 125.00 KB       | 14.75 KB        | 712     
14:11:06   | Slot 209 -> OK       | 125.00 KB       | 14.75 KB        | 714     
14:11:07   | Slot 246 -> OK       | 125.00 KB       | 14.75 KB        | 716     
14:11:08   | Slot 283 -> OK       | 125.00 KB       | 14.75 KB        | 718     
14:11:09   | Slot 320 -> OK       | 125.00 KB       | 14.75 KB        | 720     
14:11:10   | Slot 357 -> OK       | 125.00 KB       | 14.75 KB        | 722     
14:11:11   | Slot 394 -> OK       | 125.00 KB       | 14.75 KB        | 724     
14:11:12   | Slot 431 -> OK       | 125.00 KB       | 14.75 KB        | 726     
14:11:13   | Slot 468 -> OK       | 125.00 KB       | 14.75 KB        | 728     
14:11:15   | Slot 505 -> OK       | 125.00 KB       | 14.75 KB        | 730     
14:11:16   | Slot 542 -> OK       | 125.00 KB       | 14.75 KB        | 732     
14:11:17   | Slot 579 -> OK       | 125.00 KB       | 14.75 KB        | 734     
14:11:18   | Slot 616 -> OK       | 125.00 KB       | 14.75 KB        | 736     
14:11:19   | Slot 653 -> OK       | 125.00 KB       | 14.75 KB        | 738     
14:11:20   | Slot 690 -> OK       | 125.00 KB       | 14.75 KB        | 740     
14:11:21   | Slot 727 -> OK       | 125.00 KB       | 14.75 KB        | 742     
14:11:22   | Slot 764 -> OK       | 125.00 KB       | 14.75 KB        | 744     
14:11:23   | Slot 801 -> OK       | 125.00 KB       | 14.75 KB        | 746     
14:11:24   | Slot 838 -> OK       | 125.00 KB       | 14.75 KB        | 748     
14:11:25   | Slot 875 -> OK       | 125.00 KB       | 14.75 KB        | 750     
14:11:26   | Slot 912 -> OK       | 125.00 KB       | 14.75 KB        | 752     
14:11:27   | Slot 949 -> OK       | 125.00 KB       | 14.75 KB        | 754     
14:11:28   | Slot 986 -> OK       | 125.00 KB       | 14.75 KB        | 756     
14:11:29   | Slot 23 -> OK        | 125.00 KB       | 14.75 KB        | 758     
14:11:30   | Slot 60 -> OK        | 125.00 KB       | 14.75 KB        | 760     
14:11:31   | Slot 97 -> OK        | 125.00 KB       | 14.75 KB        | 762     
14:11:32   | Slot 134 -> OK       | 125.00 KB       | 14.75 KB        | 764     
14:11:33   | Slot 171 -> OK       | 125.00 KB       | 14.75 KB        | 766     
14:11:34   | Slot 208 -> OK       | 125.00 KB       | 14.75 KB        | 768     
14:11:35   | Slot 245 -> OK       | 125.00 KB       | 14.75 KB        | 770     
14:11:36   | Slot 282 -> OK       | 125.00 KB       | 14.75 KB        | 772     
14:11:37   | Slot 319 -> OK       | 125.00 KB       | 14.75 KB        | 774     
14:11:38   | Slot 356 -> OK       | 125.00 KB       | 14.75 KB        | 776     
14:11:39   | Slot 393 -> OK       | 125.00 KB       | 14.75 KB        | 778     
14:11:40   | Slot 430 -> OK       | 125.00 KB       | 14.75 KB        | 780     
14:11:41   | Slot 467 -> OK       | 125.00 KB       | 14.75 KB        | 782     
14:11:42   | Slot 504 -> OK       | 125.00 KB       | 14.75 KB        | 784     
14:11:43   | Slot 541 -> OK       | 125.00 KB       | 14.75 KB        | 786     
14:11:44   | Slot 578 -> OK       | 125.00 KB       | 14.75 KB        | 788     
14:11:45   | Slot 615 -> OK       | 125.00 KB       | 14.75 KB        | 790     
14:11:46   | Slot 652 -> OK       | 125.00 KB       | 14.75 KB        | 792     
14:11:47   | Slot 689 -> OK       | 125.00 KB       | 14.75 KB        | 794     
14:11:48   | Slot 726 -> OK       | 125.00 KB       | 14.75 KB        | 796     
14:11:49   | Slot 763 -> OK       | 125.00 KB       | 14.75 KB        | 798     
14:11:50   | Slot 800 -> OK       | 125.00 KB       | 14.75 KB        | 800     
14:11:51   | Slot 837 -> OK       | 125.00 KB       | 14.75 KB        | 802     
14:11:52   | Slot 874 -> OK       | 125.00 KB       | 14.75 KB        | 804     
14:11:53   | Slot 911 -> OK       | 125.00 KB       | 14.75 KB        | 806     
14:11:54   | Slot 948 -> OK       | 125.00 KB       | 14.75 KB        | 808     
14:11:55   | Slot 985 -> OK       | 125.00 KB       | 14.75 KB        | 810     
14:11:56   | Slot 22 -> OK        | 125.00 KB       | 14.75 KB        | 812     
14:11:57   | Slot 59 -> OK        | 125.00 KB       | 14.75 KB        | 814     
14:11:58   | Slot 96 -> OK        | 125.00 KB       | 14.75 KB        | 816     
14:11:59   | Slot 133 -> OK       | 125.00 KB       | 14.75 KB        | 818     
14:12:00   | Slot 170 -> OK       | 125.00 KB       | 14.75 KB        | 820     
14:12:01   | Slot 207 -> OK       | 125.00 KB       | 14.75 KB        | 822     
14:12:02   | Slot 244 -> OK       | 125.00 KB       | 14.75 KB        | 824     
14:12:03   | Slot 281 -> OK       | 125.00 KB       | 14.75 KB        | 826     
14:12:04   | Slot 318 -> OK       | 125.00 KB       | 14.75 KB        | 828     
14:12:05   | Slot 355 -> OK       | 125.00 KB       | 14.75 KB        | 830     
14:12:06   | Slot 392 -> OK       | 125.00 KB       | 14.75 KB        | 832     
14:12:07   | Slot 429 -> OK       | 125.00 KB       | 14.75 KB        | 834     
14:12:08   | Slot 466 -> OK       | 125.00 KB       | 14.75 KB        | 836     
14:12:09   | Slot 503 -> OK       | 125.00 KB       | 14.75 KB        | 838     
14:12:10   | Slot 540 -> OK       | 125.00 KB       | 14.75 KB        | 840     
14:12:11   | Slot 577 -> OK       | 125.00 KB       | 14.75 KB        | 842     
14:12:12   | Slot 614 -> OK       | 125.00 KB       | 14.75 KB        | 844     
14:12:13   | Slot 651 -> OK       | 125.00 KB       | 14.75 KB        | 846     
14:12:14   | Slot 688 -> OK       | 125.00 KB       | 14.75 KB        | 848     
14:12:15   | Slot 725 -> OK       | 125.00 KB       | 14.75 KB        | 850     
14:12:16   | Slot 762 -> OK       | 125.00 KB       | 14.75 KB        | 852     
14:12:17   | Slot 799 -> OK       | 125.00 KB       | 14.75 KB        | 854     
14:12:18   | Slot 836 -> OK       | 125.00 KB       | 14.75 KB        | 856     
14:12:20   | Slot 873 -> OK       | 125.00 KB       | 14.75 KB        | 858     
14:12:21   | Slot 910 -> OK       | 125.00 KB       | 14.75 KB        | 860     
14:12:22   | Slot 947 -> OK       | 125.00 KB       | 14.75 KB        | 862     
14:12:23   | Slot 984 -> OK       | 125.00 KB       | 14.75 KB        | 864     
14:12:24   | Slot 21 -> OK        | 125.00 KB       | 14.75 KB        | 866     
14:12:25   | Slot 58 -> OK        | 125.00 KB       | 14.75 KB        | 868     
14:12:26   | Slot 95 -> OK        | 125.00 KB       | 14.75 KB        | 870     
14:12:27   | Slot 132 -> OK       | 125.00 KB       | 14.75 KB        | 872     
14:12:28   | Slot 169 -> OK       | 125.00 KB       | 14.75 KB        | 874     
14:12:29   | Slot 206 -> OK       | 125.00 KB       | 14.75 KB        | 876     
14:12:30   | Slot 243 -> OK       | 125.00 KB       | 14.75 KB        | 878     
14:12:31   | Slot 280 -> OK       | 125.00 KB       | 14.75 KB        | 880     
14:12:32   | Slot 317 -> OK       | 125.00 KB       | 14.75 KB        | 882     
14:12:33   | Slot 354 -> OK       | 125.00 KB       | 14.75 KB        | 884     
14:12:34   | Slot 391 -> OK       | 125.00 KB       | 14.75 KB        | 886     
14:12:35   | Slot 428 -> OK       | 125.00 KB       | 14.75 KB        | 888     
14:12:36   | Slot 465 -> OK       | 125.00 KB       | 14.75 KB        | 890     
14:12:37   | Slot 502 -> OK       | 125.00 KB       | 14.75 KB        | 892     
14:12:38   | Slot 539 -> OK       | 125.00 KB       | 14.75 KB        | 894     
14:12:39   | Slot 576 -> OK       | 125.00 KB       | 14.75 KB        | 896     
14:12:40   | Slot 613 -> OK       | 125.00 KB       | 14.75 KB        | 898     
14:12:41   | Slot 650 -> OK       | 125.00 KB       | 14.75 KB        | 900     
14:12:42   | Slot 687 -> OK       | 125.00 KB       | 14.75 KB        | 902     
14:12:43   | Slot 724 -> OK       | 125.00 KB       | 14.75 KB        | 904     
14:12:44   | Slot 761 -> OK       | 125.00 KB       | 14.75 KB        | 906     
14:12:45   | Slot 798 -> OK       | 125.00 KB       | 14.75 KB        | 908     
14:12:46   | Slot 835 -> OK       | 125.00 KB       | 14.75 KB        | 910     
14:12:47   | Slot 872 -> OK       | 125.00 KB       | 14.75 KB        | 912     
14:12:48   | Slot 909 -> OK       | 125.00 KB       | 14.75 KB        | 914     
14:12:49   | Slot 946 -> OK       | 125.00 KB       | 14.75 KB        | 916     
14:12:50   | Slot 983 -> OK       | 125.00 KB       | 14.75 KB        | 918     
14:12:51   | Slot 20 -> OK        | 125.00 KB       | 14.75 KB        | 920     
14:12:52   | Slot 57 -> OK        | 125.00 KB       | 14.75 KB        | 922     
14:12:53   | Slot 94 -> OK        | 125.00 KB       | 14.75 KB        | 924     
14:12:54   | Slot 131 -> OK       | 125.00 KB       | 14.75 KB        | 926     
14:12:55   | Slot 168 -> OK       | 125.00 KB       | 14.75 KB        | 928     
14:12:56   | Slot 205 -> OK       | 125.00 KB       | 14.75 KB        | 930     
14:12:57   | Slot 242 -> OK       | 125.00 KB       | 14.75 KB        | 932     
14:12:58   | Slot 279 -> OK       | 125.00 KB       | 14.75 KB        | 934     
14:12:59   | Slot 316 -> OK       | 125.00 KB       | 14.75 KB        | 936     
14:13:00   | Slot 353 -> OK       | 125.00 KB       | 14.75 KB        | 938     
14:13:01   | Slot 390 -> OK       | 125.00 KB       | 14.75 KB        | 940     
14:13:02   | Slot 427 -> OK       | 125.00 KB       | 14.75 KB        | 942     
14:13:03   | Slot 464 -> OK       | 125.00 KB       | 14.75 KB        | 944     
14:13:04   | Slot 501 -> OK       | 125.00 KB       | 14.75 KB        | 946     
14:13:05   | Slot 538 -> OK       | 125.00 KB       | 14.75 KB        | 948     
14:13:06   | Slot 575 -> OK       | 125.00 KB       | 14.75 KB        | 950     
14:13:07   | Slot 612 -> OK       | 125.00 KB       | 14.75 KB        | 952     
14:13:08   | Slot 649 -> OK       | 125.00 KB       | 14.75 KB        | 954     
14:13:09   | Slot 686 -> OK       | 125.00 KB       | 14.75 KB        | 956     
14:13:10   | Slot 723 -> OK       | 125.00 KB       | 14.75 KB        | 958     
14:13:11   | Slot 760 -> OK       | 125.00 KB       | 14.75 KB        | 960     
14:13:12   | Slot 797 -> OK       | 125.00 KB       | 14.75 KB        | 962     
14:13:13   | Slot 834 -> OK       | 125.00 KB       | 14.75 KB        | 964     
14:13:14   | Slot 871 -> OK       | 125.00 KB       | 14.75 KB        | 966     
14:13:15   | Slot 908 -> OK       | 125.00 KB       | 14.75 KB        | 968     
14:13:16   | Slot 945 -> OK       | 125.00 KB       | 14.75 KB        | 970     
14:13:17   | Slot 982 -> OK       | 125.00 KB       | 14.75 KB        | 972     
14:13:18   | Slot 19 -> OK        | 125.00 KB       | 14.75 KB        | 974     
14:13:19   | Slot 56 -> OK        | 125.00 KB       | 14.75 KB        | 976     
14:13:20   | Slot 93 -> OK        | 125.00 KB       | 14.75 KB        | 978     
14:13:21   | Slot 130 -> OK       | 125.00 KB       | 14.75 KB        | 980     
14:13:22   | Slot 167 -> OK       | 125.00 KB       | 14.75 KB        | 982     
14:13:23   | Slot 204 -> OK       | 125.00 KB       | 14.75 KB        | 984     
14:13:24   | Slot 241 -> OK       | 125.00 KB       | 14.75 KB        | 986     
14:13:26   | Slot 278 -> OK       | 125.00 KB       | 14.75 KB        | 988     
14:13:27   | Slot 315 -> OK       | 125.00 KB       | 14.75 KB        | 990     
14:13:28   | Slot 352 -> OK       | 125.00 KB       | 14.75 KB        | 992     
14:13:29   | Slot 389 -> OK       | 125.00 KB       | 14.75 KB        | 994     
14:13:30   | Slot 426 -> OK       | 125.00 KB       | 14.75 KB        | 996     
14:13:31   | Slot 463 -> OK       | 125.00 KB       | 14.75 KB        | 998     
14:13:32   | Slot 500 -> OK       | 125.00 KB       | 14.75 KB        | 1000    
14:13:33   | Slot 537 -> OK       | 125.00 KB       | 14.75 KB        | 1002    
14:13:34   | Slot 574 -> OK       | 125.00 KB       | 14.75 KB        | 1004    
14:13:35   | Slot 611 -> OK       | 125.00 KB       | 14.75 KB        | 1006    
14:13:36   | Slot 648 -> OK       | 125.00 KB       | 14.75 KB        | 1008    
14:13:37   | Slot 685 -> OK       | 125.00 KB       | 14.75 KB        | 1010    
14:13:38   | Slot 722 -> OK       | 125.00 KB       | 14.75 KB        | 1012    
14:13:39   | Slot 759 -> OK       | 125.00 KB       | 14.75 KB        | 1014    
14:13:40   | Slot 796 -> OK       | 125.00 KB       | 14.75 KB        | 1016    
14:13:41   | Slot 833 -> OK       | 125.00 KB       | 14.75 KB        | 1018    
14:13:42   | Slot 870 -> OK       | 125.00 KB       | 14.75 KB        | 1020    
14:13:43   | Slot 907 -> OK       | 125.00 KB       | 14.75 KB        | 1022    
14:13:44   | Slot 944 -> OK       | 125.00 KB       | 14.75 KB        | 1024    
14:13:45   | Slot 981 -> OK       | 125.00 KB       | 14.75 KB        | 1026    
14:13:46   | Slot 18 -> OK        | 125.00 KB       | 14.75 KB        | 1028    
14:13:47   | Slot 55 -> OK        | 125.00 KB       | 14.75 KB        | 1030    
14:13:48   | Slot 92 -> OK        | 125.00 KB       | 14.75 KB        | 1032    
14:13:49   | Slot 129 -> OK       | 125.00 KB       | 14.75 KB        | 1034    
14:13:50   | Slot 166 -> OK       | 125.00 KB       | 14.75 KB        | 1036    
14:13:51   | Slot 203 -> OK       | 125.00 KB       | 14.75 KB        | 1038    
14:13:52   | Slot 240 -> OK       | 125.00 KB       | 14.75 KB        | 1040    
14:13:53   | Slot 277 -> OK       | 125.00 KB       | 14.75 KB        | 1042    
14:13:54   | Slot 314 -> OK       | 125.00 KB       | 14.75 KB        | 1044    
14:13:55   | Slot 351 -> OK       | 125.00 KB       | 14.75 KB        | 1046    
14:13:56   | Slot 388 -> OK       | 125.00 KB       | 14.75 KB        | 1048    
14:13:57   | Slot 425 -> OK       | 125.00 KB       | 14.75 KB        | 1050    
14:13:58   | Slot 462 -> OK       | 125.00 KB       | 14.75 KB        | 1052    
14:13:59   | Slot 499 -> OK       | 125.00 KB       | 14.75 KB        | 1054    
14:14:00   | Slot 536 -> OK       | 125.00 KB       | 14.75 KB        | 1056    
14:14:01   | Slot 573 -> OK       | 125.00 KB       | 14.75 KB        | 1058    
14:14:02   | Slot 610 -> OK       | 125.00 KB       | 14.75 KB        | 1060    
14:14:03   | Slot 647 -> OK       | 125.00 KB       | 14.75 KB        | 1062    
14:14:04   | Slot 684 -> OK       | 125.00 KB       | 14.75 KB        | 1064    
14:14:05   | Slot 721 -> OK       | 125.00 KB       | 14.75 KB        | 1066    
14:14:06   | Slot 758 -> OK       | 125.00 KB       | 14.75 KB        | 1068    
14:14:07   | Slot 795 -> OK       | 125.00 KB       | 14.75 KB        | 1070    
14:14:08   | Slot 832 -> OK       | 125.00 KB       | 14.75 KB        | 1072    
14:14:09   | Slot 869 -> OK       | 125.00 KB       | 14.75 KB        | 1074    
14:14:10   | Slot 906 -> OK       | 125.00 KB       | 14.75 KB        | 1076    
14:14:11   | Slot 943 -> OK       | 125.00 KB       | 14.75 KB        | 1078    
14:14:12   | Slot 980 -> OK       | 125.00 KB       | 14.75 KB        | 1080    
14:14:13   | Slot 17 -> OK        | 125.00 KB       | 14.75 KB        | 1082    
14:14:14   | Slot 54 -> OK        | 125.00 KB       | 14.75 KB        | 1084    
14:14:15   | Slot 91 -> OK        | 125.00 KB       | 14.75 KB        | 1086    
14:14:16   | Slot 128 -> OK       | 125.00 KB       | 14.75 KB        | 1088    
14:14:17   | Slot 165 -> OK       | 125.00 KB       | 14.75 KB        | 1090    
14:14:18   | Slot 202 -> OK       | 125.00 KB       | 14.75 KB        | 1092    
14:14:19   | Slot 239 -> OK       | 125.00 KB       | 14.75 KB        | 1094    
14:14:20   | Slot 276 -> OK       | 125.00 KB       | 14.75 KB        | 1096    
14:14:21   | Slot 313 -> OK       | 125.00 KB       | 14.75 KB        | 1098    
14:14:22   | Slot 350 -> OK       | 125.00 KB       | 14.75 KB        | 1100    
14:14:23   | Slot 387 -> OK       | 125.00 KB       | 14.75 KB        | 1102    
14:14:24   | Slot 424 -> OK       | 125.00 KB       | 14.75 KB        | 1104    
14:14:25   | Slot 461 -> OK       | 125.00 KB       | 14.75 KB        | 1106    
14:14:26   | Slot 498 -> OK       | 125.00 KB       | 14.75 KB        | 1108    
14:14:27   | Slot 535 -> OK       | 125.00 KB       | 14.75 KB        | 1110    
14:14:28   | Slot 572 -> OK       | 125.00 KB       | 14.75 KB        | 1112    
14:14:29   | Slot 609 -> OK       | 125.00 KB       | 14.75 KB        | 1114    
14:14:30   | Slot 646 -> OK       | 125.00 KB       | 14.75 KB        | 1116    
14:14:31   | Slot 683 -> OK       | 125.00 KB       | 14.75 KB        | 1118    
14:14:33   | Slot 720 -> OK       | 125.00 KB       | 14.75 KB        | 1120    
14:14:34   | Slot 757 -> OK       | 125.00 KB       | 14.75 KB        | 1122    
14:14:35   | Slot 794 -> OK       | 125.00 KB       | 14.75 KB        | 1124    
14:14:36   | Slot 831 -> OK       | 125.00 KB       | 14.75 KB        | 1126    
14:14:37   | Slot 868 -> OK       | 125.00 KB       | 14.75 KB        | 1128    
14:14:38   | Slot 905 -> OK       | 125.00 KB       | 14.75 KB        | 1130    
14:14:39   | Slot 942 -> OK       | 125.00 KB       | 14.75 KB        | 1132    
14:14:40   | Slot 979 -> OK       | 125.00 KB       | 14.75 KB        | 1134    
14:14:41   | Slot 16 -> OK        | 125.00 KB       | 14.75 KB        | 1136    
14:14:42   | Slot 53 -> OK        | 125.00 KB       | 14.75 KB        | 1138    
14:14:43   | Slot 90 -> OK        | 125.00 KB       | 14.75 KB        | 1140    
14:14:44   | Slot 127 -> OK       | 125.00 KB       | 14.75 KB        | 1142    
14:14:45   | Slot 164 -> OK       | 125.00 KB       | 14.75 KB        | 1144    
14:14:46   | Slot 201 -> OK       | 125.00 KB       | 14.75 KB        | 1146    
14:14:47   | Slot 238 -> OK       | 125.00 KB       | 14.75 KB        | 1148    
14:14:48   | Slot 275 -> OK       | 125.00 KB       | 14.75 KB        | 1150    
14:14:49   | Slot 312 -> OK       | 125.00 KB       | 14.75 KB        | 1152    
14:14:50   | Slot 349 -> OK       | 125.00 KB       | 14.75 KB        | 1154    
14:14:51   | Slot 386 -> OK       | 125.00 KB       | 14.75 KB        | 1156    
14:14:52   | Slot 423 -> OK       | 125.00 KB       | 14.75 KB        | 1158    
14:14:53   | Slot 460 -> OK       | 125.00 KB       | 14.75 KB        | 1160    
14:14:54   | Slot 497 -> OK       | 125.00 KB       | 14.75 KB        | 1162    
14:14:55   | Slot 534 -> OK       | 125.00 KB       | 14.75 KB        | 1164    
14:14:56   | Slot 571 -> OK       | 125.00 KB       | 14.75 KB        | 1166    
14:14:57   | Slot 608 -> OK       | 125.00 KB       | 14.75 KB        | 1168    
14:14:58   | Slot 645 -> OK       | 125.00 KB       | 14.75 KB        | 1170    
14:14:59   | Slot 682 -> OK       | 125.00 KB       | 14.75 KB        | 1172    
14:15:00   | Slot 719 -> OK       | 125.00 KB       | 14.75 KB        | 1174    
14:15:01   | Slot 756 -> OK       | 125.00 KB       | 14.75 KB        | 1176    
14:15:02   | Slot 793 -> OK       | 125.00 KB       | 14.75 KB        | 1178    
14:15:03   | Slot 830 -> OK       | 125.00 KB       | 14.75 KB        | 1180    
14:15:04   | Slot 867 -> OK       | 125.00 KB       | 14.75 KB        | 1182    
14:15:05   | Slot 904 -> OK       | 125.00 KB       | 14.75 KB        | 1184    
14:15:06   | Slot 941 -> OK       | 125.00 KB       | 14.75 KB        | 1186    
14:15:07   | Slot 978 -> OK       | 125.00 KB       | 14.75 KB        | 1188    
14:15:08   | Slot 15 -> OK        | 125.00 KB       | 14.75 KB        | 1190    
14:15:09   | Slot 52 -> OK        | 125.00 KB       | 14.75 KB        | 1192    
14:15:10   | Slot 89 -> OK        | 125.00 KB       | 14.75 KB        | 1194    
14:15:11   | Slot 126 -> OK       | 125.00 KB       | 14.75 KB        | 1196    
14:15:12   | Slot 163 -> OK       | 125.00 KB       | 14.75 KB        | 1198    
14:15:13   | Slot 200 -> OK       | 125.00 KB       | 14.75 KB        | 1200    
14:15:14   | Slot 237 -> OK       | 125.00 KB       | 14.75 KB        | 1202    
14:15:15   | Slot 274 -> OK       | 125.00 KB       | 14.75 KB        | 1204    
14:15:16   | Slot 311 -> OK       | 125.00 KB       | 14.75 KB        | 1206    
14:15:17   | Slot 348 -> OK       | 125.00 KB       | 14.75 KB        | 1208    
14:15:18   | Slot 385 -> OK       | 125.00 KB       | 14.75 KB        | 1210    
14:15:19   | Slot 422 -> OK       | 125.00 KB       | 14.75 KB        | 1212    
14:15:20   | Slot 459 -> OK       | 125.00 KB       | 14.75 KB        | 1214    
14:15:21   | Slot 496 -> OK       | 125.00 KB       | 14.75 KB        | 1216    
14:15:22   | Slot 533 -> OK       | 125.00 KB       | 14.75 KB        | 1218    
14:15:23   | Slot 570 -> OK       | 125.00 KB       | 14.75 KB        | 1220    
14:15:24   | Slot 607 -> OK       | 125.00 KB       | 14.75 KB        | 1222    
14:15:25   | Slot 644 -> OK       | 125.00 KB       | 14.75 KB        | 1224    
14:15:26   | Slot 681 -> OK       | 125.00 KB       | 14.75 KB        | 1226    
14:15:27   | Slot 718 -> OK       | 125.00 KB       | 14.75 KB        | 1228    
14:15:28   | Slot 755 -> OK       | 125.00 KB       | 14.75 KB        | 1230    
14:15:29   | Slot 792 -> OK       | 125.00 KB       | 14.75 KB        | 1232    
14:15:30   | Slot 829 -> OK       | 125.00 KB       | 14.75 KB        | 1234    
14:15:31   | Slot 866 -> OK       | 125.00 KB       | 14.75 KB        | 1236    
14:15:32   | Slot 903 -> OK       | 125.00 KB       | 14.75 KB        | 1238    
14:15:33   | Slot 940 -> OK       | 125.00 KB       | 14.75 KB        | 1240    
14:15:34   | Slot 977 -> OK       | 125.00 KB       | 14.75 KB        | 1242    
14:15:35   | Slot 14 -> OK        | 125.00 KB       | 14.75 KB        | 1244    
14:15:36   | Slot 51 -> OK        | 125.00 KB       | 14.75 KB        | 1246    
14:15:37   | Slot 88 -> OK        | 125.00 KB       | 14.75 KB        | 1248    
14:15:38   | Slot 125 -> OK       | 125.00 KB       | 14.75 KB        | 1250    
14:15:39   | Slot 162 -> OK       | 125.00 KB       | 14.75 KB        | 1252    
14:15:40   | Slot 199 -> OK       | 125.00 KB       | 14.75 KB        | 1254    
14:15:42   | Slot 236 -> OK       | 125.00 KB       | 14.75 KB        | 1256    
14:15:43   | Slot 273 -> OK       | 125.00 KB       | 14.75 KB        | 1258    
14:15:44   | Slot 310 -> OK       | 125.00 KB       | 14.75 KB        | 1260    
14:15:45   | Slot 347 -> OK       | 125.00 KB       | 14.75 KB        | 1262    
14:15:46   | Slot 384 -> OK       | 125.00 KB       | 14.75 KB        | 1264    
14:15:47   | Slot 421 -> OK       | 125.00 KB       | 14.75 KB        | 1266    
14:15:48   | Slot 458 -> OK       | 125.00 KB       | 14.75 KB        | 1268    
14:15:49   | Slot 495 -> OK       | 125.00 KB       | 14.75 KB        | 1270    
14:15:50   | Slot 532 -> OK       | 125.00 KB       | 14.75 KB        | 1272    
14:15:51   | Slot 569 -> OK       | 125.00 KB       | 14.75 KB        | 1274    
14:15:52   | Slot 606 -> OK       | 125.00 KB       | 14.75 KB        | 1276    
14:15:53   | Slot 643 -> OK       | 125.00 KB       | 14.75 KB        | 1278    
14:15:54   | Slot 680 -> OK       | 125.00 KB       | 14.75 KB        | 1280    
14:15:55   | Slot 717 -> OK       | 125.00 KB       | 14.75 KB        | 1282    
14:15:56   | Slot 754 -> OK       | 125.00 KB       | 14.75 KB        | 1284    
14:15:57   | Slot 791 -> OK       | 125.00 KB       | 14.75 KB        | 1286    
14:15:58   | Slot 828 -> OK       | 125.00 KB       | 14.75 KB        | 1288    
14:15:59   | Slot 865 -> OK       | 125.00 KB       | 14.75 KB        | 1290    
14:16:00   | Slot 902 -> OK       | 125.00 KB       | 14.75 KB        | 1292    
14:16:01   | Slot 939 -> OK       | 125.00 KB       | 14.75 KB        | 1294    
14:16:02   | Slot 976 -> OK       | 125.00 KB       | 14.75 KB        | 1296    
14:16:03   | Slot 13 -> OK        | 125.00 KB       | 14.75 KB        | 1298    
14:16:04   | Slot 50 -> OK        | 125.00 KB       | 14.75 KB        | 1300    
14:16:05   | Slot 87 -> OK        | 125.00 KB       | 14.75 KB        | 1302    
14:16:06   | Slot 124 -> OK       | 125.00 KB       | 14.75 KB        | 1304    
14:16:07   | Slot 161 -> OK       | 125.00 KB       | 14.75 KB        | 1306    
14:16:08   | Slot 198 -> OK       | 125.00 KB       | 14.75 KB        | 1308    
14:16:09   | Slot 235 -> OK       | 125.00 KB       | 14.75 KB        | 1310    
14:16:10   | Slot 272 -> OK       | 125.00 KB       | 14.75 KB        | 1312    
14:16:11   | Slot 309 -> OK       | 125.00 KB       | 14.75 KB        | 1314    
14:16:12   | Slot 346 -> OK       | 125.00 KB       | 14.75 KB        | 1316    
14:16:13   | Slot 383 -> OK       | 125.00 KB       | 14.75 KB        | 1318    
14:16:14   | Slot 420 -> OK       | 125.00 KB       | 14.75 KB        | 1320    
14:16:15   | Slot 457 -> OK       | 125.00 KB       | 14.75 KB        | 1322    
14:16:16   | Slot 494 -> OK       | 125.00 KB       | 14.75 KB        | 1324    
14:16:17   | Slot 531 -> OK       | 125.00 KB       | 14.75 KB        | 1326    
14:16:18   | Slot 568 -> OK       | 125.00 KB       | 14.75 KB        | 1328    
14:16:19   | Slot 605 -> OK       | 125.00 KB       | 14.75 KB        | 1330    
14:16:20   | Slot 642 -> OK       | 125.00 KB       | 14.75 KB        | 1332    
14:16:21   | Slot 679 -> OK       | 125.00 KB       | 14.75 KB        | 1334    
14:16:22   | Slot 716 -> OK       | 125.00 KB       | 14.75 KB        | 1336    
14:16:23   | Slot 753 -> OK       | 125.00 KB       | 14.75 KB        | 1338    
14:16:24   | Slot 790 -> OK       | 125.00 KB       | 14.75 KB        | 1340    
14:16:25   | Slot 827 -> OK       | 125.00 KB       | 14.75 KB        | 1342    
14:16:26   | Slot 864 -> OK       | 125.00 KB       | 14.75 KB        | 1344    
14:16:27   | Slot 901 -> OK       | 125.00 KB       | 14.75 KB        | 1346    
14:16:28   | Slot 938 -> OK       | 125.00 KB       | 14.75 KB        | 1348    
14:16:29   | Slot 975 -> OK       | 125.00 KB       | 14.75 KB        | 1350    
14:16:30   | Slot 12 -> OK        | 125.00 KB       | 14.75 KB        | 1352    
14:16:31   | Slot 49 -> OK        | 125.00 KB       | 14.75 KB        | 1354    
14:16:32   | Slot 86 -> OK        | 125.00 KB       | 14.75 KB        | 1356    
14:16:33   | Slot 123 -> OK       | 125.00 KB       | 14.75 KB        | 1358    
14:16:34   | Slot 160 -> OK       | 125.00 KB       | 14.75 KB        | 1360    
14:16:35   | Slot 197 -> OK       | 125.00 KB       | 14.75 KB        | 1362    
14:16:36   | Slot 234 -> OK       | 125.00 KB       | 14.75 KB        | 1364    
14:16:37   | Slot 271 -> OK       | 125.00 KB       | 14.75 KB        | 1366    
14:16:38   | Slot 308 -> OK       | 125.00 KB       | 14.75 KB        | 1368    
14:16:39   | Slot 345 -> OK       | 125.00 KB       | 14.75 KB        | 1370    
14:16:40   | Slot 382 -> OK       | 125.00 KB       | 14.75 KB        | 1372    
14:16:41   | Slot 419 -> OK       | 125.00 KB       | 14.75 KB        | 1374    
14:16:42   | Slot 456 -> OK       | 125.00 KB       | 14.75 KB        | 1376    
14:16:43   | Slot 493 -> OK       | 125.00 KB       | 14.75 KB        | 1378    
14:16:44   | Slot 530 -> OK       | 125.00 KB       | 14.75 KB        | 1380    
14:16:45   | Slot 567 -> OK       | 125.00 KB       | 14.75 KB        | 1382    
14:16:46   | Slot 604 -> OK       | 125.00 KB       | 14.75 KB        | 1384    
14:16:47   | Slot 641 -> OK       | 125.00 KB       | 14.75 KB        | 1386    
14:16:49   | Slot 678 -> OK       | 125.00 KB       | 14.75 KB        | 1388    
14:16:50   | Slot 715 -> OK       | 125.00 KB       | 14.75 KB        | 1390    
14:16:51   | Slot 752 -> OK       | 125.00 KB       | 14.75 KB        | 1392    
14:16:52   | Slot 789 -> OK       | 125.00 KB       | 14.75 KB        | 1394    
14:16:53   | Slot 826 -> OK       | 125.00 KB       | 14.75 KB        | 1396    
14:16:54   | Slot 863 -> OK       | 125.00 KB       | 14.75 KB        | 1398    
14:16:55   | Slot 900 -> OK       | 125.00 KB       | 14.75 KB        | 1400    
14:16:56   | Slot 937 -> OK       | 125.00 KB       | 14.75 KB        | 1402    
14:16:57   | Slot 974 -> OK       | 125.00 KB       | 14.75 KB        | 1404    
14:16:58   | Slot 11 -> OK        | 125.00 KB       | 14.75 KB        | 1406    
14:16:59   | Slot 48 -> OK        | 125.00 KB       | 14.75 KB        | 1408    
14:17:00   | Slot 85 -> OK        | 125.00 KB       | 14.75 KB        | 1410    
14:17:01   | Slot 122 -> OK       | 125.00 KB       | 14.75 KB        | 1412    
14:17:02   | Slot 159 -> OK       | 125.00 KB       | 14.75 KB        | 1414    
14:17:03   | Slot 196 -> OK       | 125.00 KB       | 14.75 KB        | 1416    
14:17:04   | Slot 233 -> OK       | 125.00 KB       | 14.75 KB        | 1418    
14:17:05   | Slot 270 -> OK       | 125.00 KB       | 14.75 KB        | 1420    
14:17:06   | Slot 307 -> OK       | 125.00 KB       | 14.75 KB        | 1422    
14:17:07   | Slot 344 -> OK       | 125.00 KB       | 14.75 KB        | 1424    
14:17:08   | Slot 381 -> OK       | 125.00 KB       | 14.75 KB        | 1426    
14:17:09   | Slot 418 -> OK       | 125.00 KB       | 14.75 KB        | 1428    
14:17:10   | Slot 455 -> OK       | 125.00 KB       | 14.75 KB        | 1430    
14:17:11   | Slot 492 -> OK       | 125.00 KB       | 14.75 KB        | 1432    
14:17:12   | Slot 529 -> OK       | 125.00 KB       | 14.75 KB        | 1434    
14:17:13   | Slot 566 -> OK       | 125.00 KB       | 14.75 KB        | 1436    
14:17:14   | Slot 603 -> OK       | 125.00 KB       | 14.75 KB        | 1438    
14:17:15   | Slot 640 -> OK       | 125.00 KB       | 14.75 KB        | 1440    
14:17:16   | Slot 677 -> OK       | 125.00 KB       | 14.75 KB        | 1442    
14:17:17   | Slot 714 -> OK       | 125.00 KB       | 14.75 KB        | 1444    
14:17:18   | Slot 751 -> OK       | 125.00 KB       | 14.75 KB        | 1446    
14:17:19   | Slot 788 -> OK       | 125.00 KB       | 14.75 KB        | 1448    
14:17:20   | Slot 825 -> OK       | 125.00 KB       | 14.75 KB        | 1450    
14:17:21   | Slot 862 -> OK       | 125.00 KB       | 14.75 KB        | 1452    
14:17:22   | Slot 899 -> OK       | 125.00 KB       | 14.75 KB        | 1454    
14:17:23   | Slot 936 -> OK       | 125.00 KB       | 14.75 KB        | 1456    
14:17:24   | Slot 973 -> OK       | 125.00 KB       | 14.75 KB        | 1458    
14:17:25   | Slot 10 -> OK        | 125.00 KB       | 14.75 KB        | 1460    
14:17:26   | Slot 47 -> OK        | 125.00 KB       | 14.75 KB        | 1462    
14:17:27   | Slot 84 -> OK        | 125.00 KB       | 14.75 KB        | 1464    
14:17:28   | Slot 121 -> OK       | 125.00 KB       | 14.75 KB        | 1466    
14:17:29   | Slot 158 -> OK       | 125.00 KB       | 14.75 KB        | 1468    
14:17:30   | Slot 195 -> OK       | 125.00 KB       | 14.75 KB        | 1470    
14:17:31   | Slot 232 -> OK       | 125.00 KB       | 14.75 KB        | 1472    
14:17:32   | Slot 269 -> OK       | 125.00 KB       | 14.75 KB        | 1474    
14:17:33   | Slot 306 -> OK       | 125.00 KB       | 14.75 KB        | 1476    
14:17:34   | Slot 343 -> OK       | 125.00 KB       | 14.75 KB        | 1478    
14:17:35   | Slot 380 -> OK       | 125.00 KB       | 14.75 KB        | 1480    
14:17:36   | Slot 417 -> OK       | 125.00 KB       | 14.75 KB        | 1482    
14:17:37   | Slot 454 -> OK       | 125.00 KB       | 14.75 KB        | 1484    
14:17:38   | Slot 491 -> OK       | 125.00 KB       | 14.75 KB        | 1486    
14:17:39   | Slot 528 -> OK       | 125.00 KB       | 14.75 KB        | 1488    
14:17:40   | Slot 565 -> OK       | 125.00 KB       | 14.75 KB        | 1490    
14:17:41   | Slot 602 -> OK       | 125.00 KB       | 14.75 KB        | 1492    
14:17:42   | Slot 639 -> OK       | 125.00 KB       | 14.75 KB        | 1494    
14:17:43   | Slot 676 -> OK       | 125.00 KB       | 14.75 KB        | 1496    
14:17:44   | Slot 713 -> OK       | 125.00 KB       | 14.75 KB        | 1498    
14:17:45   | Slot 750 -> OK       | 125.00 KB       | 14.75 KB        | 1500    
14:17:46   | Slot 787 -> OK       | 125.00 KB       | 14.75 KB        | 1502    
14:17:47   | Slot 824 -> OK       | 125.00 KB       | 14.75 KB        | 1504    
14:17:48   | Slot 861 -> OK       | 125.00 KB       | 14.75 KB        | 1506    
14:17:49   | Slot 898 -> OK       | 125.00 KB       | 14.75 KB        | 1508    
14:17:50   | Slot 935 -> OK       | 125.00 KB       | 14.75 KB        | 1510    
14:17:51   | Slot 972 -> OK       | 125.00 KB       | 14.75 KB        | 1512    
14:17:52   | Slot 9 -> OK         | 125.00 KB       | 14.75 KB        | 1514    
14:17:53   | Slot 46 -> OK        | 125.00 KB       | 14.75 KB        | 1516    
14:17:54   | Slot 83 -> OK        | 125.00 KB       | 14.75 KB        | 1518    
14:17:55   | Slot 120 -> OK       | 125.00 KB       | 14.75 KB        | 1520    
14:17:56   | Slot 157 -> OK       | 125.00 KB       | 14.75 KB        | 1522    
14:17:58   | Slot 194 -> OK       | 125.00 KB       | 14.75 KB        | 1524    
14:17:59   | Slot 231 -> OK       | 125.00 KB       | 14.75 KB        | 1526    
14:18:00   | Slot 268 -> OK       | 125.00 KB       | 14.75 KB        | 1528    
14:18:01   | Slot 305 -> OK       | 125.00 KB       | 14.75 KB        | 1530    
14:18:02   | Slot 342 -> OK       | 125.00 KB       | 14.75 KB        | 1532    
14:18:03   | Slot 379 -> OK       | 125.00 KB       | 14.75 KB        | 1534    
14:18:04   | Slot 416 -> OK       | 125.00 KB       | 14.75 KB        | 1536    
14:18:05   | Slot 453 -> OK       | 125.00 KB       | 14.75 KB        | 1538    
14:18:06   | Slot 490 -> OK       | 125.00 KB       | 14.75 KB        | 1540    
14:18:07   | Slot 527 -> OK       | 125.00 KB       | 14.75 KB        | 1542    
14:18:08   | Slot 564 -> OK       | 125.00 KB       | 14.75 KB        | 1544    
14:18:09   | Slot 601 -> OK       | 125.00 KB       | 14.75 KB        | 1546    
14:18:10   | Slot 638 -> OK       | 125.00 KB       | 14.75 KB        | 1548    
14:18:11   | Slot 675 -> OK       | 125.00 KB       | 14.75 KB        | 1550    
14:18:12   | Slot 712 -> OK       | 125.00 KB       | 14.75 KB        | 1552    
14:18:13   | Slot 749 -> OK       | 125.00 KB       | 14.75 KB        | 1554    
14:18:14   | Slot 786 -> OK       | 125.00 KB       | 14.75 KB        | 1556    
14:18:15   | Slot 823 -> OK       | 125.00 KB       | 14.75 KB        | 1558    
14:18:16   | Slot 860 -> OK       | 125.00 KB       | 14.75 KB        | 1560    
14:18:17   | Slot 897 -> OK       | 125.00 KB       | 14.75 KB        | 1562    
14:18:18   | Slot 934 -> OK       | 125.00 KB       | 14.75 KB        | 1564    
14:18:19   | Slot 971 -> OK       | 125.00 KB       | 14.75 KB        | 1566    
14:18:20   | Slot 8 -> OK         | 125.00 KB       | 14.75 KB        | 1568    
14:18:21   | Slot 45 -> OK        | 125.00 KB       | 14.75 KB        | 1570    
14:18:22   | Slot 82 -> OK        | 125.00 KB       | 14.75 KB        | 1572    
14:18:23   | Slot 119 -> OK       | 125.00 KB       | 14.75 KB        | 1574    
14:18:24   | Slot 156 -> OK       | 125.00 KB       | 14.75 KB        | 1576    
14:18:25   | Slot 193 -> OK       | 125.00 KB       | 14.75 KB        | 1578    
14:18:26   | Slot 230 -> OK       | 125.00 KB       | 14.75 KB        | 1580    
14:18:27   | Slot 267 -> OK       | 125.00 KB       | 14.75 KB        | 1582    
14:18:28   | Slot 304 -> OK       | 125.00 KB       | 14.75 KB        | 1584    
14:18:29   | Slot 341 -> OK       | 125.00 KB       | 14.75 KB        | 1586    
14:18:30   | Slot 378 -> OK       | 125.00 KB       | 14.75 KB        | 1588    
14:18:31   | Slot 415 -> OK       | 125.00 KB       | 14.75 KB        | 1590    
14:18:32   | Slot 452 -> OK       | 125.00 KB       | 14.75 KB        | 1592    
14:18:33   | Slot 489 -> OK       | 125.00 KB       | 14.75 KB        | 1594    
14:18:34   | Slot 526 -> OK       | 125.00 KB       | 14.75 KB        | 1596    
14:18:35   | Slot 563 -> OK       | 125.00 KB       | 14.75 KB        | 1598    
14:18:36   | Slot 600 -> OK       | 125.00 KB       | 14.75 KB        | 1600    
14:18:37   | Slot 637 -> OK       | 125.00 KB       | 14.75 KB        | 1602    
14:18:38   | Slot 674 -> OK       | 125.00 KB       | 14.75 KB        | 1604    
14:18:39   | Slot 711 -> OK       | 125.00 KB       | 14.75 KB        | 1606    
14:18:40   | Slot 748 -> OK       | 125.00 KB       | 14.75 KB        | 1608    
14:18:41   | Slot 785 -> OK       | 125.00 KB       | 14.75 KB        | 1610    
14:18:42   | Slot 822 -> OK       | 125.00 KB       | 14.75 KB        | 1612    
14:18:43   | Slot 859 -> OK       | 125.00 KB       | 14.75 KB        | 1614    
14:18:44   | Slot 896 -> OK       | 125.00 KB       | 14.75 KB        | 1616    
14:18:45   | Slot 933 -> OK       | 125.00 KB       | 14.75 KB        | 1618    
14:18:46   | Slot 970 -> OK       | 125.00 KB       | 14.75 KB        | 1620    
14:18:47   | Slot 7 -> OK         | 125.00 KB       | 14.75 KB        | 1622    
14:18:48   | Slot 44 -> OK        | 125.00 KB       | 14.75 KB        | 1624    
14:18:49   | Slot 81 -> OK        | 125.00 KB       | 14.75 KB        | 1626    
14:18:50   | Slot 118 -> OK       | 125.00 KB       | 14.75 KB        | 1628    
14:18:51   | Slot 155 -> OK       | 125.00 KB       | 14.75 KB        | 1630    
14:18:52   | Slot 192 -> OK       | 125.00 KB       | 14.75 KB        | 1632    
14:18:53   | Slot 229 -> OK       | 125.00 KB       | 14.75 KB        | 1634    
14:18:54   | Slot 266 -> OK       | 125.00 KB       | 14.75 KB        | 1636    
14:18:55   | Slot 303 -> OK       | 125.00 KB       | 14.75 KB        | 1638    
14:18:56   | Slot 340 -> OK       | 125.00 KB       | 14.75 KB        | 1640    
14:18:57   | Slot 377 -> OK       | 125.00 KB       | 14.75 KB        | 1642    
14:18:58   | Slot 414 -> OK       | 125.00 KB       | 14.75 KB        | 1644    
14:18:59   | Slot 451 -> OK       | 125.00 KB       | 14.75 KB        | 1646    
14:19:00   | Slot 488 -> OK       | 125.00 KB       | 14.75 KB        | 1648    
14:19:01   | Slot 525 -> OK       | 125.00 KB       | 14.75 KB        | 1650    
14:19:02   | Slot 562 -> OK       | 125.00 KB       | 14.75 KB        | 1652    
14:19:03   | Slot 599 -> OK       | 125.00 KB       | 14.75 KB        | 1654    
14:19:04   | Slot 636 -> OK       | 125.00 KB       | 14.75 KB        | 1656    
14:19:05   | Slot 673 -> OK       | 125.00 KB       | 14.75 KB        | 1658    
14:19:06   | Slot 710 -> OK       | 125.00 KB       | 14.75 KB        | 1660    
14:19:07   | Slot 747 -> OK       | 125.00 KB       | 14.75 KB        | 1662    
14:19:09   | Slot 784 -> OK       | 125.00 KB       | 14.75 KB        | 1664    
14:19:10   | Slot 821 -> OK       | 125.00 KB       | 14.75 KB        | 1666    
14:19:11   | Slot 858 -> OK       | 125.00 KB       | 14.75 KB        | 1668    
14:19:12   | Slot 895 -> OK       | 125.00 KB       | 14.75 KB        | 1670    
14:19:13   | Slot 932 -> OK       | 125.00 KB       | 14.75 KB        | 1672    
14:19:14   | Slot 969 -> OK       | 125.00 KB       | 14.75 KB        | 1674    
14:19:15   | Slot 6 -> OK         | 125.00 KB       | 14.75 KB        | 1676    
14:19:16   | Slot 43 -> OK        | 125.00 KB       | 14.75 KB        | 1678    
14:19:17   | Slot 80 -> OK        | 125.00 KB       | 14.75 KB        | 1680    
14:19:18   | Slot 117 -> OK       | 125.00 KB       | 14.75 KB        | 1682    
14:19:19   | Slot 154 -> OK       | 125.00 KB       | 14.75 KB        | 1684    
14:19:20   | Slot 191 -> OK       | 125.00 KB       | 14.75 KB        | 1686    
14:19:21   | Slot 228 -> OK       | 125.00 KB       | 14.75 KB        | 1688    
14:19:22   | Slot 265 -> OK       | 125.00 KB       | 14.75 KB        | 1690    
14:19:23   | Slot 302 -> OK       | 125.00 KB       | 14.75 KB        | 1692    
14:19:24   | Slot 339 -> OK       | 125.00 KB       | 14.75 KB        | 1694    
14:19:25   | Slot 376 -> OK       | 125.00 KB       | 14.75 KB        | 1696    
14:19:26   | Slot 413 -> OK       | 125.00 KB       | 14.75 KB        | 1698    
14:19:27   | Slot 450 -> OK       | 125.00 KB       | 14.75 KB        | 1700    
14:19:28   | Slot 487 -> OK       | 125.00 KB       | 14.75 KB        | 1702    
14:19:29   | Slot 524 -> OK       | 125.00 KB       | 14.75 KB        | 1704    
14:19:30   | Slot 561 -> OK       | 125.00 KB       | 14.75 KB        | 1706    
14:19:31   | Slot 598 -> OK       | 125.00 KB       | 14.75 KB        | 1708    
14:19:32   | Slot 635 -> OK       | 125.00 KB       | 14.75 KB        | 1710    
14:19:33   | Slot 672 -> OK       | 125.00 KB       | 14.75 KB        | 1712    
14:19:34   | Slot 709 -> OK       | 125.00 KB       | 14.75 KB        | 1714    
14:19:35   | Slot 746 -> OK       | 125.00 KB       | 14.75 KB        | 1716    
14:19:36   | Slot 783 -> OK       | 125.00 KB       | 14.75 KB        | 1718    
14:19:37   | Slot 820 -> OK       | 125.00 KB       | 14.75 KB        | 1720    
14:19:38   | Slot 857 -> OK       | 125.00 KB       | 14.75 KB        | 1722    
14:19:39   | Slot 894 -> OK       | 125.00 KB       | 14.75 KB        | 1724    
14:19:40   | Slot 931 -> OK       | 125.00 KB       | 14.75 KB        | 1726    
14:19:41   | Slot 968 -> OK       | 125.00 KB       | 14.75 KB        | 1728    
14:19:42   | Slot 5 -> OK         | 125.00 KB       | 14.75 KB        | 1730    
14:19:43   | Slot 42 -> OK        | 125.00 KB       | 14.75 KB        | 1732    
14:19:44   | Slot 79 -> OK        | 125.00 KB       | 14.75 KB        | 1734    
14:19:45   | Slot 116 -> OK       | 125.00 KB       | 14.75 KB        | 1736    
14:19:46   | Slot 153 -> OK       | 125.00 KB       | 14.75 KB        | 1738    
14:19:47   | Slot 190 -> OK       | 125.00 KB       | 14.75 KB        | 1740    
14:19:48   | Slot 227 -> OK       | 125.00 KB       | 14.75 KB        | 1742    
14:19:49   | Slot 264 -> OK       | 125.00 KB       | 14.75 KB        | 1744    
14:19:50   | Slot 301 -> OK       | 125.00 KB       | 14.75 KB        | 1746    
14:19:51   | Slot 338 -> OK       | 125.00 KB       | 14.75 KB        | 1748    
14:19:52   | Slot 375 -> OK       | 125.00 KB       | 14.75 KB        | 1750    
14:19:53   | Slot 412 -> OK       | 125.00 KB       | 14.75 KB        | 1752    
14:19:54   | Slot 449 -> OK       | 125.00 KB       | 14.75 KB        | 1754    
14:19:55   | Slot 486 -> OK       | 125.00 KB       | 14.75 KB        | 1756    
14:19:56   | Slot 523 -> OK       | 125.00 KB       | 14.75 KB        | 1758    
14:19:57   | Slot 560 -> OK       | 125.00 KB       | 14.75 KB        | 1760    
14:19:58   | Slot 597 -> OK       | 125.00 KB       | 14.75 KB        | 1762    
14:19:59   | Slot 634 -> OK       | 125.00 KB       | 14.75 KB        | 1764    
14:20:00   | Slot 671 -> OK       | 125.00 KB       | 14.75 KB        | 1766    
14:20:01   | Slot 708 -> OK       | 125.00 KB       | 14.75 KB        | 1768    
14:20:02   | Slot 745 -> OK       | 125.00 KB       | 14.75 KB        | 1770    
14:20:03   | Slot 782 -> OK       | 125.00 KB       | 14.75 KB        | 1772    
14:20:04   | Slot 819 -> OK       | 125.00 KB       | 14.75 KB        | 1774    
14:20:06   | Slot 856 -> OK       | 125.00 KB       | 14.75 KB        | 1776    
14:20:07   | Slot 893 -> OK       | 125.00 KB       | 14.75 KB        | 1778    
14:20:08   | Slot 930 -> OK       | 125.00 KB       | 14.75 KB        | 1780    
14:20:09   | Slot 967 -> OK       | 125.00 KB       | 14.75 KB        | 1782    
14:20:10   | Slot 4 -> OK         | 125.00 KB       | 14.75 KB        | 1784    
14:20:11   | Slot 41 -> OK        | 125.00 KB       | 14.75 KB        | 1786    
14:20:12   | Slot 78 -> OK        | 125.00 KB       | 14.75 KB        | 1788    
14:20:13   | Slot 115 -> OK       | 125.00 KB       | 14.75 KB        | 1790    
14:20:14   | Slot 152 -> OK       | 125.00 KB       | 14.75 KB        | 1792    
14:20:15   | Slot 189 -> OK       | 125.00 KB       | 14.75 KB        | 1794    
14:20:16   | Slot 226 -> OK       | 125.00 KB       | 14.75 KB        | 1796    
