14:43:24  | Slot 66 (seq:2)  | 1000000000000000000000200000...  | 0        | 1.11 KB
14:43:24  | Slot 357 (seq:3) | 1000000000000000000000300000...  | 0        | 10.10 KB
14:43:25  | Slot 328 (seq:4) | 1000000000000000000000400000...  | 0        | 10.89 KB
14:43:25  | Slot 299 (seq:5) | 1000000000000000000000500000...  | 0        | 10.94 KB
14:43:26  | Slot 871 (seq:6) | 1000000000000000000000600000...  | 0        | 10.99 KB
14:43:26  | Slot 721 (seq:7) | 1000000000000000000000700000...  | 0        | 11.04 KB
14:43:27  | Slot 607 (seq:8) | 1000000000000000000000800000...  | 0        | 11.09 KB
14:43:27  | Slot 947 (seq:9) | 1000000000000000000000900000...  | 0        | 11.13 KB
14:43:28  | Slot 661 (seq:10) | 1000000000000000000001000000...  | 0        | 11.18 KB
14:43:28  | Slot 211 (seq:11) | 1000000000000000000001100000...  | 0        | 11.23 KB
14:43:29  | Slot 587 (seq:12) | 1000000000000000000001200000...  | 0        | 11.25 KB
14:43:29  | Slot 333 (seq:13) | 1000000000000000000001300000...  | 0        | 11.33 KB
14:43:30  | Slot 437 (seq:14) | 1000000000000000000001400000...  | 0        | 11.38 KB
14:43:30  | Slot 404 (seq:15) | 1000000000000000000001500000...  | 0        | 11.43 KB
14:43:31  | Slot 204 (seq:16) | 1000000000000000000001600000...  | 0        | 11.47 KB
14:43:31  | Slot 309 (seq:17) | 1000000000000000000001700000...  | 0        | 11.48 KB
14:43:32  | Slot 940 (seq:18) | 1000000000000000000001800000...  | 0        | 11.56 KB
14:43:32  | Slot 611 (seq:19) | 1000000000000000000001900000...  | 0        | 11.61 KB
14:43:33  | Slot 271 (seq:20) | 1000000000000000000002000000...  | 0        | 11.66 KB
14:43:33  | Slot 357 (seq:21) | 1000000000000000000002100000...  | 1        | 11.71 KB
14:43:34  | Slot 883 (seq:22) | 1000000000000000000002200000...  | 1        | 11.76 KB
14:43:34  | Slot 410 (seq:23) | 1000000000000000000002300000...  | 1        | 11.81 KB
14:43:35  | Slot 752 (seq:24) | 1000000000000000000002400000...  | 1        | 11.85 KB
14:43:35  | Slot 944 (seq:25) | 1000000000000000000002500000...  | 1        | 11.90 KB
14:43:36  | Slot 413 (seq:26) | 1000000000000000000002600000...  | 1        | 11.95 KB
14:43:36  | Slot 136 (seq:27) | 1000000000000000000002700000...  | 1        | 12.00 KB
14:43:37  | Slot 203 (seq:28) | 1000000000000000000002800000...  | 1        | 12.02 KB
14:43:37  | Slot 901 (seq:29) | 1000000000000000000002900000...  | 1        | 12.09 KB
14:43:38  | Slot 560 (seq:30) | 1000000000000000000003000000...  | 1        | 12.18 KB
14:43:38  | Slot 54 (seq:31) | 1000000000000000000003100000...  | 1        | 12.25 KB
14:43:39  | Slot 185 (seq:32) | 1000000000000000000003200000...  | 1        | 12.28 KB
14:43:39  | Slot 559 (seq:33) | 1000000000000000000003300000...  | 1        | 12.35 KB
14:43:40  | Slot 457 (seq:34) | 1000000000000000000003400000...  | 1        | 12.45 KB
14:43:40  | Slot 998 (seq:35) | 1000000000000000000003500000...  | 1        | 12.51 KB
14:43:41  | Slot 319 (seq:36) | 1000000000000000000003600000...  | 1        | 12.58 KB
14:43:41  | Slot 194 (seq:37) | 1000000000000000000003700000...  | 1        | 12.64 KB
14:43:42  | Slot 682 (seq:38) | 1000000000000000000003800000...  | 1        | 12.68 KB
14:43:42  | Slot 286 (seq:39) | 1000000000000000000003900000...  | 1        | 12.77 KB
14:43:43  | Slot 370 (seq:40) | 1000000000000000000004000000...  | 1        | 12.84 KB
14:43:44  | Slot 368 (seq:41) | 1000000000000000000004100000...  | 1        | 12.90 KB
14:43:44  | Slot 373 (seq:42) | 1000000000000000000004200000...  | 1        | 12.97 KB
14:43:45  | Slot 146 (seq:43) | 1000000000000000000004300000...  | 1        | 13.04 KB
14:43:45  | Slot 496 (seq:44) | 1000000000000000000004400000...  | 1        | 13.07 KB
14:43:46  | Slot 786 (seq:45) | 1000000000000000000004500000...  | 1        | 13.17 KB
14:43:46  | Slot 913 (seq:46) | 1000000000000000000004600000...  | 1        | 13.23 KB
14:43:47  | Slot 131 (seq:47) | 1000000000000000000004700000...  | 1        | 13.30 KB
14:43:47  | Slot 971 (seq:48) | 1000000000000000000004800000...  | 1        | 13.33 KB
14:43:48  | Slot 69 (seq:49) | 1000000000000000000004900000...  | 1        | 13.43 KB
14:43:48  | Slot 854 (seq:50) | 1000000000000000000005000000...  | 1        | 13.46 KB
14:43:49  | Slot 789 (seq:51) | 1000000000000000000005100000...  | 1        | 13.56 KB
14:43:49  | Slot 210 (seq:52) | 1000000000000000000005200000...  | 1        | 13.62 KB
14:43:50  | Slot 195 (seq:53) | 1000000000000000000005300000...  | 1        | 13.66 KB
14:43:50  | Slot 590 (seq:54) | 1000000000000000000005400000...  | 1        | 13.72 KB
14:43:51  | Slot 181 (seq:55) | 1000000000000000000005500000...  | 1        | 13.82 KB
14:43:51  | Slot 408 (seq:56) | 1000000000000000000005600000...  | 1        | 13.85 KB
14:43:52  | Slot 551 (seq:57) | 1000000000000000000005700000...  | 1        | 13.95 KB
14:43:52  | Slot 762 (seq:58) | 1000000000000000000005800000...  | 1        | 14.02 KB
14:43:53  | Slot 699 (seq:59) | 1000000000000000000005900000...  | 1        | 14.08 KB
14:43:53  | Slot 834 (seq:60) | 1000000000000000000006000000...  | 1        | 14.15 KB
14:43:54  | Slot 749 (seq:61) | 1000000000000000000006100000...  | 1        | 14.21 KB
14:43:54  | Slot 593 (seq:62) | 1000000000000000000006200000...  | 1        | 14.28 KB
14:43:55  | Slot 306 (seq:63) | 1000000000000000000006300000...  | 1        | 14.34 KB
14:43:55  | Slot 495 (seq:64) | 1000000000000000000006400000...  | 1        | 14.41 KB
14:43:56  | Slot 36 (seq:65) | 1000000000000000000006500000...  | 1        | 14.47 KB
14:43:56  | Slot 657 (seq:66) | 1000000000000000000006600000...  | 1        | 14.51 KB
14:43:57  | Slot 445 (seq:67) | 1000000000000000000006700000...  | 1        | 14.61 KB
14:43:57  | Slot 80 (seq:68) | 1000000000000000000006800000...  | 1        | 14.67 KB
14:43:58  | Slot 793 (seq:69) | 1000000000000000000006900000...  | 1        | 14.70 KB
14:43:58  | Slot 896 (seq:70) | 1000000000000000000007000000...  | 1        | 14.80 KB
14:43:59  | Slot 542 (seq:71) | 1000000000000000000007100000...  | 1        | 14.87 KB
14:43:59  | Slot 546 (seq:72) | 1000000000000000000007200000...  | 1        | 14.93 KB
14:44:00  | Slot 911 (seq:73) | 1000000000000000000007300000...  | 1        | 14.93 KB
14:44:00  | Slot 45 (seq:74) | 1000000000000000000007400000...  | 1        | 14.93 KB
14:44:01  | Slot 774 (seq:75) | 1000000000000000000007500000...  | 1        | 14.93 KB
14:44:01  | Slot 468 (seq:76) | 1000000000000000000007600000...  | 1        | 14.93 KB
14:44:02  | Slot 511 (seq:77) | 1000000000000000000007700000...  | 1        | 14.93 KB
14:44:02  | Slot 319 (seq:78) | 1000000000000000000007800000...  | 2        | 14.93 KB
14:44:03  | Slot 926 (seq:79) | 1000000000000000000007900000...  | 2        | 14.93 KB
14:44:03  | Slot 910 (seq:80) | 1000000000000000000008000000...  | 2        | 14.93 KB
14:44:04  | Slot 490 (seq:81) | 1000000000000000000008100000...  | 2        | 14.93 KB
14:44:04  | Slot 470 (seq:82) | 1000000000000000000008200000...  | 2        | 14.93 KB
14:44:05  | Slot 117 (seq:83) | 1000000000000000000008300000...  | 2        | 14.93 KB
14:44:05  | Slot 153 (seq:84) | 1000000000000000000008400000...  | 2        | 14.93 KB
14:44:06  | Slot 905 (seq:85) | 1000000000000000000008500000...  | 2        | 14.93 KB
14:44:06  | Slot 960 (seq:86) | 1000000000000000000008600000...  | 2        | 14.93 KB
14:44:07  | Slot 276 (seq:87) | 1000000000000000000008700000...  | 2        | 14.93 KB
14:44:07  | Slot 106 (seq:88) | 1000000000000000000008800000...  | 2        | 14.93 KB
14:44:08  | Slot 994 (seq:89) | 1000000000000000000008900000...  | 2        | 14.93 KB
14:44:08  | Slot 832 (seq:90) | 1000000000000000000009000000...  | 2        | 14.93 KB
14:44:09  | Slot 977 (seq:91) | 1000000000000000000009100000...  | 2        | 14.93 KB
14:44:09  | Slot 772 (seq:92) | 1000000000000000000009200000...  | 2        | 14.93 KB
14:44:10  | Slot 736 (seq:93) | 1000000000000000000009300000...  | 2        | 14.93 KB
14:44:10  | Slot 395 (seq:94) | 1000000000000000000009400000...  | 2        | 14.93 KB
14:44:11  | Slot 585 (seq:95) | 1000000000000000000009500000...  | 2        | 14.93 KB
14:44:11  | Slot 383 (seq:96) | 1000000000000000000009600000...  | 2        | 14.93 KB
14:44:12  | Slot 447 (seq:97) | 1000000000000000000009700000...  | 2        | 14.93 KB
14:44:12  | Slot 559 (seq:98) | 1000000000000000000009800000...  | 4        | 14.93 KB
14:44:13  | Slot 945 (seq:99) | 1000000000000000000009900000...  | 4        | 14.93 KB
14:44:13  | Slot 611 (seq:100) | 1000000000000000000010000000...  | 5        | 14.93 KB
14:44:14  | Slot 432 (seq:101) | 1000000000000000000010100000...  | 5        | 14.94 KB
14:44:14  | Slot 314 (seq:102) | 1000000000000000000010200000...  | 5        | 14.94 KB
14:44:15  | Slot 93 (seq:103) | 1000000000000000000010300000...  | 5        | 14.94 KB
14:44:15  | Slot 566 (seq:104) | 1000000000000000000010400000...  | 5        | 14.94 KB
14:44:16  | Slot 450 (seq:105) | 1000000000000000000010500000...  | 5        | 14.94 KB
14:44:16  | Slot 882 (seq:106) | 1000000000000000000010600000...  | 5        | 14.94 KB
14:44:17  | Slot 400 (seq:107) | 1000000000000000000010700000...  | 5        | 14.94 KB
14:44:17  | Slot 214 (seq:108) | 1000000000000000000010800000...  | 5        | 14.94 KB
14:44:18  | Slot 987 (seq:109) | 1000000000000000000010900000...  | 5        | 14.94 KB
14:44:18  | Slot 628 (seq:110) | 1000000000000000000011000000...  | 5        | 14.94 KB
14:44:19  | Slot 112 (seq:111) | 1000000000000000000011100000...  | 5        | 14.94 KB
14:44:19  | Slot 721 (seq:112) | 1000000000000000000011200000...  | 6        | 14.94 KB
14:44:20  | Slot 803 (seq:113) | 1000000000000000000011300000...  | 6        | 14.94 KB
14:44:20  | Slot 178 (seq:114) | 1000000000000000000011400000...  | 6        | 14.94 KB
14:44:21  | Slot 480 (seq:115) | 1000000000000000000011500000...  | 6        | 14.94 KB
14:44:21  | Slot 178 (seq:116) | 1000000000000000000011600000...  | 7        | 14.94 KB
14:44:22  | Slot 37 (seq:117) | 1000000000000000000011700000...  | 7        | 14.94 KB
14:44:22  | Slot 393 (seq:118) | 1000000000000000000011800000...  | 7        | 14.94 KB
14:44:23  | Slot 585 (seq:119) | 1000000000000000000011900000...  | 8        | 14.94 KB
14:44:23  | Slot 942 (seq:120) | 1000000000000000000012000000...  | 8        | 14.94 KB
14:44:24  | Slot 526 (seq:121) | 1000000000000000000012100000...  | 8        | 14.94 KB
14:44:24  | Slot 401 (seq:122) | 1000000000000000000012200000...  | 8        | 14.94 KB
14:44:25  | Slot 802 (seq:123) | 1000000000000000000012300000...  | 8        | 14.94 KB
14:44:25  | Slot 107 (seq:124) | 1000000000000000000012400000...  | 8        | 14.94 KB
14:44:26  | Slot 71 (seq:125) | 1000000000000000000012500000...  | 8        | 14.94 KB
14:44:26  | Slot 35 (seq:126) | 1000000000000000000012600000...  | 8        | 14.94 KB
14:44:27  | Slot 29 (seq:127) | 1000000000000000000012700000...  | 8        | 14.94 KB
14:44:27  | Slot 623 (seq:128) | 1000000000000000000012800000...  | 8        | 14.94 KB
14:44:28  | Slot 305 (seq:129) | 1000000000000000000012900000...  | 8        | 14.94 KB
14:44:28  | Slot 421 (seq:130) | 1000000000000000000013000000...  | 8        | 14.94 KB
14:44:29  | Slot 840 (seq:131) | 1000000000000000000013100000...  | 8        | 14.94 KB
14:44:29  | Slot 803 (seq:132) | 1000000000000000000013200000...  | 9        | 14.94 KB
14:44:30  | Slot 657 (seq:133) | 1000000000000000000013300000...  | 10       | 14.94 KB
14:44:30  | Slot 512 (seq:134) | 1000000000000000000013400000...  | 10       | 14.94 KB
14:44:31  | Slot 289 (seq:135) | 1000000000000000000013500000...  | 10       | 14.94 KB
14:44:31  | Slot 151 (seq:136) | 1000000000000000000013600000...  | 10       | 14.94 KB
14:44:32  | Slot 399 (seq:137) | 1000000000000000000013700000...  | 10       | 14.94 KB
14:44:32  | Slot 813 (seq:138) | 1000000000000000000013800000...  | 10       | 14.94 KB
14:44:33  | Slot 882 (seq:139) | 1000000000000000000013900000...  | 12       | 14.94 KB
14:44:33  | Slot 791 (seq:140) | 1000000000000000000014000000...  | 12       | 14.94 KB
14:44:34  | Slot 413 (seq:141) | 1000000000000000000014100000...  | 13       | 14.94 KB
14:44:34  | Slot 816 (seq:142) | 1000000000000000000014200000...  | 13       | 14.94 KB
14:44:35  | Slot 479 (seq:143) | 1000000000000000000014300000...  | 13       | 14.94 KB
14:44:35  | Slot 945 (seq:144) | 1000000000000000000014400000...  | 14       | 14.94 KB
14:44:36  | Slot 615 (seq:145) | 1000000000000000000014500000...  | 14       | 14.94 KB
14:44:36  | Slot 938 (seq:146) | 1000000000000000000014600000...  | 14       | 14.94 KB
14:44:37  | Slot 857 (seq:147) | 1000000000000000000014700000...  | 14       | 14.94 KB
14:44:37  | Slot 733 (seq:148) | 1000000000000000000014800000...  | 14       | 14.94 KB
14:44:38  | Slot 688 (seq:149) | 1000000000000000000014900000...  | 14       | 14.94 KB
14:44:38  | Slot 876 (seq:150) | 1000000000000000000015000000...  | 14       | 14.94 KB
14:44:39  | Slot 72 (seq:151) | 1000000000000000000015100000...  | 14       | 14.94 KB
14:44:39  | Slot 864 (seq:152) | 1000000000000000000015200000...  | 14       | 14.94 KB
14:44:40  | Slot 282 (seq:153) | 1000000000000000000015300000...  | 14       | 14.94 KB
14:44:40  | Slot 211 (seq:154) | 1000000000000000000015400000...  | 15       | 14.94 KB
14:44:41  | Slot 591 (seq:155) | 1000000000000000000015500000...  | 15       | 14.94 KB
14:44:41  | Slot 10 (seq:156) | 1000000000000000000015600000...  | 15       | 14.94 KB
14:44:42  | Slot 525 (seq:157) | 1000000000000000000015700000...  | 15       | 14.94 KB
14:44:42  | Slot 812 (seq:158) | 1000000000000000000015800000...  | 15       | 14.94 KB
14:44:43  | Slot 541 (seq:159) | 1000000000000000000015900000...  | 15       | 14.94 KB
14:44:43  | Slot 229 (seq:160) | 1000000000000000000016000000...  | 15       | 14.94 KB
14:44:44  | Slot 550 (seq:161) | 1000000000000000000016100000...  | 15       | 14.94 KB
14:44:44  | Slot 346 (seq:162) | 1000000000000000000016200000...  | 15       | 14.94 KB
14:44:45  | Slot 3 (seq:163) | 1000000000000000000016300000...  | 15       | 14.94 KB
14:44:45  | Slot 386 (seq:164) | 1000000000000000000016400000...  | 15       | 14.94 KB
14:44:46  | Slot 84 (seq:165) | 1000000000000000000016500000...  | 15       | 14.94 KB
14:44:46  | Slot 848 (seq:166) | 1000000000000000000016600000...  | 15       | 14.94 KB
14:44:47  | Slot 162 (seq:167) | 1000000000000000000016700000...  | 15       | 14.94 KB
14:44:47  | Slot 82 (seq:168) | 1000000000000000000016800000...  | 15       | 14.94 KB
14:44:48  | Slot 559 (seq:169) | 1000000000000000000016900000...  | 18       | 14.94 KB
14:44:48  | Slot 944 (seq:170) | 1000000000000000000017000000...  | 22       | 14.94 KB
14:44:49  | Slot 333 (seq:171) | 1000000000000000000017100000...  | 23       | 14.94 KB
14:44:49  | Slot 103 (seq:172) | 1000000000000000000017200000...  | 23       | 14.94 KB
14:44:50  | Slot 702 (seq:173) | 1000000000000000000017300000...  | 23       | 14.94 KB
14:44:50  | Slot 384 (seq:174) | 1000000000000000000017400000...  | 23       | 14.94 KB
14:44:51  | Slot 280 (seq:175) | 1000000000000000000017500000...  | 23       | 14.94 KB
14:44:51  | Slot 376 (seq:176) | 1000000000000000000017600000...  | 23       | 14.94 KB
14:44:52  | Slot 573 (seq:177) | 1000000000000000000017700000...  | 23       | 14.94 KB
14:44:52  | Slot 653 (seq:178) | 1000000000000000000017800000...  | 23       | 14.94 KB
14:44:53  | Slot 879 (seq:179) | 1000000000000000000017900000...  | 23       | 14.94 KB
14:44:53  | Slot 750 (seq:180) | 1000000000000000000018000000...  | 23       | 14.94 KB
14:44:54  | Slot 676 (seq:181) | 1000000000000000000018100000...  | 23       | 14.94 KB
14:44:54  | Slot 658 (seq:182) | 1000000000000000000018200000...  | 24       | 14.94 KB
14:44:55  | Slot 67 (seq:183) | 1000000000000000000018300000...  | 24       | 14.94 KB
14:44:55  | Slot 480 (seq:184) | 1000000000000000000018400000...  | 25       | 14.94 KB
14:44:56  | Slot 646 (seq:185) | 1000000000000000000018500000...  | 25       | 14.94 KB
14:44:56  | Slot 128 (seq:186) | 1000000000000000000018600000...  | 25       | 14.94 KB
14:44:57  | Slot 977 (seq:187) | 1000000000000000000018700000...  | 26       | 14.94 KB
14:44:57  | Slot 137 (seq:188) | 1000000000000000000018800000...  | 26       | 14.94 KB
14:44:58  | Slot 235 (seq:189) | 1000000000000000000018900000...  | 26       | 14.94 KB
14:44:58  | Slot 995 (seq:190) | 1000000000000000000019000000...  | 26       | 14.94 KB
14:44:59  | Slot 157 (seq:191) | 1000000000000000000019100000...  | 26       | 14.94 KB
14:44:59  | Slot 851 (seq:192) | 1000000000000000000019200000...  | 26       | 14.94 KB
14:45:00  | Slot 745 (seq:193) | 1000000000000000000019300000...  | 26       | 14.94 KB
14:45:00  | Slot 373 (seq:194) | 1000000000000000000019400000...  | 27       | 14.94 KB
14:45:01  | Slot 876 (seq:195) | 1000000000000000000019500000...  | 28       | 14.94 KB
14:45:01  | Slot 125 (seq:196) | 1000000000000000000019600000...  | 28       | 14.94 KB
14:45:02  | Slot 777 (seq:197) | 1000000000000000000019700000...  | 28       | 14.94 KB
14:45:02  | Slot 740 (seq:198) | 1000000000000000000019800000...  | 28       | 14.94 KB
14:45:03  | Slot 714 (seq:199) | 1000000000000000000019900000...  | 28       | 14.94 KB
14:45:03  | Slot 258 (seq:200) | 1000000000000000000020000000...  | 28       | 14.94 KB
14:45:04  | Slot 189 (seq:201) | 1000000000000000000020100000...  | 28       | 14.94 KB
14:45:04  | Slot 762 (seq:202) | 1000000000000000000020200000...  | 29       | 14.94 KB
14:45:05  | Slot 318 (seq:203) | 1000000000000000000020300000...  | 29       | 14.94 KB
14:45:05  | Slot 144 (seq:204) | 1000000000000000000020400000...  | 29       | 14.94 KB
14:45:06  | Slot 312 (seq:205) | 1000000000000000000020500000...  | 29       | 14.94 KB
14:45:06  | Slot 460 (seq:206) | 1000000000000000000020600000...  | 29       | 14.94 KB
14:45:07  | Slot 55 (seq:207) | 1000000000000000000020700000...  | 29       | 14.94 KB
14:45:07  | Slot 547 (seq:208) | 1000000000000000000020800000...  | 29       | 14.94 KB
14:45:08  | Slot 805 (seq:209) | 1000000000000000000020900000...  | 29       | 14.94 KB
14:45:08  | Slot 127 (seq:210) | 1000000000000000000021000000...  | 29       | 14.94 KB
14:45:09  | Slot 10 (seq:211) | 1000000000000000000021100000...  | 30       | 14.94 KB
14:45:09  | Slot 452 (seq:212) | 1000000000000000000021200000...  | 30       | 14.94 KB
14:45:10  | Slot 897 (seq:213) | 1000000000000000000021300000...  | 30       | 14.94 KB
14:45:10  | Slot 488 (seq:214) | 1000000000000000000021400000...  | 30       | 14.94 KB
14:45:11  | Slot 301 (seq:215) | 1000000000000000000021500000...  | 30       | 14.94 KB
14:45:11  | Slot 853 (seq:216) | 1000000000000000000021600000...  | 30       | 14.94 KB
14:45:12  | Slot 838 (seq:217) | 1000000000000000000021700000...  | 30       | 14.94 KB
14:45:12  | Slot 167 (seq:218) | 1000000000000000000021800000...  | 30       | 14.94 KB
14:45:13  | Slot 797 (seq:219) | 1000000000000000000021900000...  | 30       | 14.94 KB
14:45:13  | Slot 360 (seq:220) | 1000000000000000000022000000...  | 30       | 14.94 KB
14:45:14  | Slot 360 (seq:221) | 1000000000000000000022100000...  | 31       | 14.94 KB
14:45:14  | Slot 116 (seq:222) | 1000000000000000000022200000...  | 31       | 14.94 KB
14:45:15  | Slot 641 (seq:223) | 1000000000000000000022300000...  | 31       | 14.94 KB
14:45:15  | Slot 681 (seq:224) | 1000000000000000000022400000...  | 31       | 14.94 KB
14:45:16  | Slot 974 (seq:225) | 1000000000000000000022500000...  | 31       | 14.94 KB
14:45:16  | Slot 877 (seq:226) | 1000000000000000000022600000...  | 32       | 14.94 KB
14:45:17  | Slot 618 (seq:227) | 1000000000000000000022700000...  | 32       | 14.94 KB
14:45:17  | Slot 946 (seq:228) | 1000000000000000000022800000...  | 35       | 14.94 KB
14:45:18  | Slot 251 (seq:229) | 1000000000000000000022900000...  | 35       | 14.94 KB
14:45:18  | Slot 200 (seq:230) | 1000000000000000000023000000...  | 35       | 14.94 KB
14:45:19  | Slot 292 (seq:231) | 1000000000000000000023100000...  | 35       | 14.94 KB
14:45:19  | Slot 978 (seq:232) | 1000000000000000000023200000...  | 36       | 14.94 KB
14:45:20  | Slot 527 (seq:233) | 1000000000000000000023300000...  | 36       | 14.94 KB
14:45:20  | Slot 897 (seq:234) | 1000000000000000000023400000...  | 37       | 14.94 KB
14:45:21  | Slot 325 (seq:235) | 1000000000000000000023500000...  | 37       | 14.94 KB
14:45:21  | Slot 932 (seq:236) | 1000000000000000000023600000...  | 37       | 14.94 KB
14:45:22  | Slot 744 (seq:237) | 1000000000000000000023700000...  | 37       | 14.94 KB
14:45:22  | Slot 730 (seq:238) | 1000000000000000000023800000...  | 37       | 14.94 KB
14:45:23  | Slot 253 (seq:239) | 1000000000000000000023900000...  | 37       | 14.94 KB
14:45:23  | Slot 697 (seq:240) | 1000000000000000000024000000...  | 37       | 14.94 KB
14:45:24  | Slot 190 (seq:241) | 1000000000000000000024100000...  | 37       | 14.94 KB
14:45:24  | Slot 126 (seq:242) | 1000000000000000000024200000...  | 37       | 14.94 KB
14:45:25  | Slot 363 (seq:243) | 1000000000000000000024300000...  | 37       | 14.94 KB
14:45:25  | Slot 473 (seq:244) | 1000000000000000000024400000...  | 37       | 14.94 KB
14:45:26  | Slot 516 (seq:245) | 1000000000000000000024500000...  | 37       | 14.94 KB
14:45:26  | Slot 312 (seq:246) | 1000000000000000000024600000...  | 38       | 14.94 KB
14:45:27  | Slot 849 (seq:247) | 1000000000000000000024700000...  | 38       | 14.94 KB
14:45:27  | Slot 139 (seq:248) | 1000000000000000000024800000...  | 38       | 14.94 KB
14:45:28  | Slot 549 (seq:249) | 1000000000000000000024900000...  | 38       | 14.94 KB
14:45:28  | Slot 833 (seq:250) | 1000000000000000000025000000...  | 38       | 14.94 KB
14:45:29  | Slot 462 (seq:251) | 1000000000000000000025100000...  | 38       | 14.94 KB
14:45:29  | Slot 616 (seq:252) | 1000000000000000000025200000...  | 38       | 14.94 KB
14:45:30  | Slot 769 (seq:253) | 1000000000000000000025300000...  | 38       | 14.94 KB
14:45:30  | Slot 249 (seq:254) | 1000000000000000000025400000...  | 38       | 14.94 KB
14:45:31  | Slot 859 (seq:255) | 1000000000000000000025500000...  | 38       | 14.94 KB
14:45:31  | Slot 581 (seq:256) | 1000000000000000000025600000...  | 38       | 14.94 KB
14:45:32  | Slot 461 (seq:257) | 1000000000000000000025700000...  | 38       | 14.94 KB
14:45:32  | Slot 78 (seq:258) | 1000000000000000000025800000...  | 38       | 14.97 KB
14:45:33  | Slot 815 (seq:259) | 1000000000000000000025900000...  | 38       | 14.97 KB
14:45:33  | Slot 642 (seq:260) | 1000000000000000000026000000...  | 38       | 15.00 KB
14:45:34  | Slot 543 (seq:261) | 1000000000000000000026100000...  | 38       | 15.00 KB
14:45:34  | Slot 346 (seq:262) | 1000000000000000000026200000...  | 39       | 15.00 KB
14:45:35  | Slot 898 (seq:263) | 1000000000000000000026300000...  | 40       | 15.00 KB
14:45:35  | Slot 761 (seq:264) | 1000000000000000000026400000...  | 40       | 15.00 KB
14:45:36  | Slot 6 (seq:265) | 1000000000000000000026500000...  | 40       | 15.00 KB
14:45:36  | Slot 300 (seq:266) | 1000000000000000000026600000...  | 40       | 15.00 KB
14:45:37  | Slot 615 (seq:267) | 1000000000000000000026700000...  | 42       | 15.00 KB
14:45:37  | Slot 516 (seq:268) | 1000000000000000000026800000...  | 43       | 15.00 KB
14:45:38  | Slot 579 (seq:269) | 1000000000000000000026900000...  | 43       | 15.00 KB
14:45:38  | Slot 586 (seq:270) | 1000000000000000000027000000...  | 45       | 15.00 KB
14:45:39  | Slot 783 (seq:271) | 1000000000000000000027100000...  | 45       | 15.00 KB
14:45:39  | Slot 382 (seq:272) | 1000000000000000000027200000...  | 45       | 15.00 KB
14:45:40  | Slot 268 (seq:273) | 1000000000000000000027300000...  | 45       | 15.00 KB
14:45:40  | Slot 607 (seq:274) | 1000000000000000000027400000...  | 46       | 15.00 KB
14:45:41  | Slot 336 (seq:275) | 1000000000000000000027500000...  | 46       | 15.00 KB
14:45:41  | Slot 547 (seq:276) | 1000000000000000000027600000...  | 47       | 15.00 KB
14:45:42  | Slot 434 (seq:277) | 1000000000000000000027700000...  | 47       | 15.00 KB
14:45:42  | Slot 274 (seq:278) | 1000000000000000000027800000...  | 47       | 15.00 KB
14:45:43  | Slot 427 (seq:279) | 1000000000000000000027900000...  | 47       | 15.00 KB
14:45:43  | Slot 28 (seq:280) | 1000000000000000000028000000...  | 47       | 15.00 KB
14:45:44  | Slot 887 (seq:281) | 1000000000000000000028100000...  | 47       | 15.00 KB
14:45:44  | Slot 240 (seq:282) | 1000000000000000000028200000...  | 47       | 15.00 KB
14:45:45  | Slot 324 (seq:283) | 1000000000000000000028300000...  | 47       | 15.00 KB
14:45:45  | Slot 80 (seq:284) | 1000000000000000000028400000...  | 48       | 15.00 KB
14:45:46  | Slot 741 (seq:285) | 1000000000000000000028500000...  | 48       | 15.00 KB
14:45:46  | Slot 972 (seq:286) | 1000000000000000000028600000...  | 48       | 15.00 KB
14:45:47  | Slot 500 (seq:287) | 1000000000000000000028700000...  | 48       | 15.00 KB
14:45:47  | Slot 166 (seq:288) | 1000000000000000000028800000...  | 48       | 15.00 KB
14:45:48  | Slot 795 (seq:289) | 1000000000000000000028900000...  | 48       | 15.00 KB
14:45:48  | Slot 672 (seq:290) | 1000000000000000000029000000...  | 48       | 15.00 KB
14:45:49  | Slot 134 (seq:291) | 1000000000000000000029100000...  | 48       | 15.00 KB
14:45:49  | Slot 819 (seq:292) | 1000000000000000000029200000...  | 48       | 15.00 KB
14:45:50  | Slot 47 (seq:293) | 1000000000000000000029300000...  | 48       | 15.00 KB
14:45:50  | Slot 320 (seq:294) | 1000000000000000000029400000...  | 49       | 15.00 KB
14:45:51  | Slot 558 (seq:295) | 1000000000000000000029500000...  | 49       | 15.00 KB
14:45:51  | Slot 346 (seq:296) | 1000000000000000000029600000...  | 51       | 15.00 KB
14:45:52  | Slot 753 (seq:297) | 1000000000000000000029700000...  | 51       | 15.00 KB
14:45:52  | Slot 835 (seq:298) | 1000000000000000000029800000...  | 51       | 15.00 KB
14:45:53  | Slot 90 (seq:299) | 1000000000000000000029900000...  | 51       | 15.00 KB
14:45:53  | Slot 910 (seq:300) | 1000000000000000000030000000...  | 53       | 15.00 KB
14:45:54  | Slot 256 (seq:301) | 1000000000000000000030100000...  | 53       | 15.00 KB
14:45:54  | Slot 79 (seq:302) | 1000000000000000000030200000...  | 53       | 15.00 KB
14:45:55  | Slot 918 (seq:303) | 1000000000000000000030300000...  | 53       | 15.00 KB
14:45:55  | Slot 97 (seq:304) | 1000000000000000000030400000...  | 53       | 15.00 KB
14:45:56  | Slot 537 (seq:305) | 1000000000000000000030500000...  | 53       | 15.00 KB
14:45:57  | Slot 651 (seq:306) | 1000000000000000000030600000...  | 53       | 15.00 KB
14:45:57  | Slot 884 (seq:307) | 1000000000000000000030700000...  | 54       | 15.00 KB
14:45:58  | Slot 634 (seq:308) | 1000000000000000000030800000...  | 54       | 15.00 KB
14:45:58  | Slot 343 (seq:309) | 1000000000000000000030900000...  | 54       | 15.00 KB
14:45:59  | Slot 878 (seq:310) | 1000000000000000000031000000...  | 56       | 15.00 KB
14:45:59  | Slot 225 (seq:311) | 1000000000000000000031100000...  | 56       | 15.00 KB
14:46:00  | Slot 51 (seq:312) | 1000000000000000000031200000...  | 56       | 15.00 KB
14:46:00  | Slot 643 (seq:313) | 1000000000000000000031300000...  | 56       | 15.00 KB
14:46:01  | Slot 769 (seq:314) | 1000000000000000000031400000...  | 57       | 15.00 KB
14:46:01  | Slot 378 (seq:315) | 1000000000000000000031500000...  | 57       | 15.00 KB
14:46:02  | Slot 143 (seq:316) | 1000000000000000000031600000...  | 57       | 15.00 KB
14:46:02  | Slot 815 (seq:317) | 1000000000000000000031700000...  | 59       | 15.00 KB
14:46:03  | Slot 957 (seq:318) | 1000000000000000000031800000...  | 59       | 15.00 KB
14:46:03  | Slot 771 (seq:319) | 1000000000000000000031900000...  | 59       | 15.00 KB
14:46:04  | Slot 876 (seq:320) | 1000000000000000000032000000...  | 64       | 15.00 KB
14:46:04  | Slot 76 (seq:321) | 1000000000000000000032100000...  | 64       | 15.00 KB
14:46:05  | Slot 272 (seq:322) | 1000000000000000000032200000...  | 64       | 15.00 KB
14:46:05  | Slot 410 (seq:323) | 1000000000000000000032300000...  | 65       | 15.00 KB
14:46:06  | Slot 475 (seq:324) | 1000000000000000000032400000...  | 65       | 15.00 KB
14:46:06  | Slot 210 (seq:325) | 1000000000000000000032500000...  | 68       | 15.00 KB
14:46:07  | Slot 425 (seq:326) | 1000000000000000000032600000...  | 68       | 15.00 KB
14:46:07  | Slot 894 (seq:327) | 1000000000000000000032700000...  | 68       | 15.00 KB
14:46:08  | Slot 699 (seq:328) | 1000000000000000000032800000...  | 69       | 15.00 KB
14:46:08  | Slot 114 (seq:329) | 1000000000000000000032900000...  | 69       | 15.00 KB
14:46:09  | Slot 877 (seq:330) | 1000000000000000000033000000...  | 78       | 15.00 KB
14:46:09  | Slot 362 (seq:331) | 1000000000000000000033100000...  | 78       | 15.00 KB
14:46:10  | Slot 913 (seq:332) | 1000000000000000000033200000...  | 79       | 15.00 KB
14:46:10  | Slot 554 (seq:333) | 1000000000000000000033300000...  | 79       | 15.00 KB
14:46:11  | Slot 771 (seq:334) | 1000000000000000000033400000...  | 81       | 15.00 KB
14:46:11  | Slot 348 (seq:335) | 1000000000000000000033500000...  | 82       | 15.00 KB
14:46:12  | Slot 643 (seq:336) | 1000000000000000000033600000...  | 83       | 15.00 KB
14:46:12  | Slot 113 (seq:337) | 1000000000000000000033700000...  | 83       | 15.00 KB
14:46:13  | Slot 448 (seq:338) | 1000000000000000000033800000...  | 83       | 15.00 KB
14:46:13  | Slot 748 (seq:339) | 1000000000000000000033900000...  | 83       | 15.00 KB
14:46:14  | Slot 688 (seq:340) | 1000000000000000000034000000...  | 84       | 15.00 KB
14:46:14  | Slot 623 (seq:341) | 1000000000000000000034100000...  | 85       | 15.00 KB
14:46:15  | Slot 844 (seq:342) | 1000000000000000000034200000...  | 85       | 15.00 KB
14:46:15  | Slot 148 (seq:343) | 1000000000000000000034300000...  | 85       | 15.00 KB
14:46:16  | Slot 719 (seq:344) | 1000000000000000000034400000...  | 85       | 15.00 KB
14:46:16  | Slot 931 (seq:345) | 1000000000000000000034500000...  | 85       | 15.00 KB
14:46:17  | Slot 391 (seq:346) | 1000000000000000000034600000...  | 85       | 15.00 KB
14:46:17  | Slot 856 (seq:347) | 1000000000000000000034700000...  | 85       | 15.00 KB
14:46:18  | Slot 495 (seq:348) | 1000000000000000000034800000...  | 87       | 15.00 KB
14:46:18  | Slot 540 (seq:349) | 1000000000000000000034900000...  | 87       | 15.00 KB
14:46:19  | Slot 0 (seq:350) | 1000000000000000000035000000...  | 87       | 15.00 KB
14:46:19  | Slot 170 (seq:351) | 1000000000000000000035100000...  | 87       | 15.00 KB
14:46:20  | Slot 47 (seq:352) | 1000000000000000000035200000...  | 88       | 15.00 KB
14:46:20  | Slot 321 (seq:353) | 1000000000000000000035300000...  | 89       | 15.00 KB
14:46:21  | Slot 94 (seq:354) | 1000000000000000000035400000...  | 89       | 15.00 KB
14:46:21  | Slot 139 (seq:355) | 1000000000000000000035500000...  | 90       | 15.00 KB
14:46:22  | Slot 952 (seq:356) | 1000000000000000000035600000...  | 90       | 15.00 KB
14:46:22  | Slot 667 (seq:357) | 1000000000000000000035700000...  | 90       | 15.00 KB
14:46:23  | Slot 178 (seq:358) | 1000000000000000000035800000...  | 92       | 15.00 KB
14:46:23  | Slot 726 (seq:359) | 1000000000000000000035900000...  | 92       | 15.00 KB
14:46:24  | Slot 771 (seq:360) | 1000000000000000000036000000...  | 96       | 15.00 KB
14:46:24  | Slot 311 (seq:361) | 1000000000000000000036100000...  | 96       | 15.00 KB
14:46:25  | Slot 394 (seq:362) | 1000000000000000000036200000...  | 96       | 15.00 KB
14:46:25  | Slot 599 (seq:363) | 1000000000000000000036300000...  | 96       | 15.00 KB
14:46:26  | Slot 36 (seq:364) | 1000000000000000000036400000...  | 98       | 15.00 KB
14:46:26  | Slot 137 (seq:365) | 1000000000000000000036500000...  | 99       | 15.00 KB
14:46:27  | Slot 595 (seq:366) | 1000000000000000000036600000...  | 99       | 15.00 KB
14:46:27  | Slot 793 (seq:367) | 1000000000000000000036700000...  | 100      | 15.00 KB
14:46:28  | Slot 672 (seq:368) | 1000000000000000000036800000...  | 101      | 15.00 KB
14:46:28  | Slot 161 (seq:369) | 1000000000000000000036900000...  | 101      | 15.00 KB
14:46:29  | Slot 811 (seq:370) | 1000000000000000000037000000...  | 101      | 15.00 KB
14:46:29  | Slot 396 (seq:371) | 1000000000000000000037100000...  | 101      | 15.00 KB
14:46:30  | Slot 11 (seq:372) | 1000000000000000000037200000...  | 102      | 15.00 KB
14:46:30  | Slot 274 (seq:373) | 1000000000000000000037300000...  | 103      | 15.00 KB
14:46:31  | Slot 626 (seq:374) | 1000000000000000000037400000...  | 103      | 15.00 KB
14:46:31  | Slot 139 (seq:375) | 1000000000000000000037500000...  | 105      | 15.00 KB
14:46:32  | Slot 321 (seq:376) | 1000000000000000000037600000...  | 107      | 15.00 KB
14:46:32  | Slot 291 (seq:377) | 1000000000000000000037700000...  | 107      | 15.00 KB
14:46:33  | Slot 94 (seq:378) | 1000000000000000000037800000...  | 108      | 15.00 KB
14:46:33  | Slot 864 (seq:379) | 1000000000000000000037900000...  | 109      | 15.00 KB
14:46:34  | Slot 867 (seq:380) | 1000000000000000000038000000...  | 109      | 15.00 KB
14:46:34  | Slot 84 (seq:381) | 1000000000000000000038100000...  | 110      | 15.00 KB
14:46:35  | Slot 661 (seq:382) | 1000000000000000000038200000...  | 111      | 15.00 KB
14:46:35  | Slot 543 (seq:383) | 1000000000000000000038300000...  | 112      | 15.00 KB
14:46:36  | Slot 998 (seq:384) | 1000000000000000000038400000...  | 113      | 15.00 KB
14:46:36  | Slot 795 (seq:385) | 1000000000000000000038500000...  | 114      | 15.00 KB
14:46:37  | Slot 968 (seq:386) | 1000000000000000000038600000...  | 114      | 15.00 KB
14:46:37  | Slot 636 (seq:387) | 1000000000000000000038700000...  | 114      | 15.00 KB
14:46:38  | Slot 703 (seq:388) | 1000000000000000000038800000...  | 114      | 15.00 KB
14:46:38  | Slot 745 (seq:389) | 1000000000000000000038900000...  | 115      | 15.00 KB
14:46:39  | Slot 338 (seq:390) | 1000000000000000000039000000...  | 115      | 15.00 KB
14:46:39  | Slot 101 (seq:391) | 1000000000000000000039100000...  | 115      | 15.00 KB
14:46:40  | Slot 444 (seq:392) | 1000000000000000000039200000...  | 115      | 15.00 KB
14:46:40  | Slot 69 (seq:393) | 1000000000000000000039300000...  | 116      | 15.00 KB
14:46:41  | Slot 378 (seq:394) | 1000000000000000000039400000...  | 117      | 15.00 KB
14:46:41  | Slot 809 (seq:395) | 1000000000000000000039500000...  | 117      | 15.00 KB
14:46:42  | Slot 175 (seq:396) | 1000000000000000000039600000...  | 117      | 15.00 KB
14:46:42  | Slot 447 (seq:397) | 1000000000000000000039700000...  | 119      | 15.00 KB
14:46:43  | Slot 145 (seq:398) | 1000000000000000000039800000...  | 119      | 15.00 KB
14:46:43  | Slot 916 (seq:399) | 1000000000000000000039900000...  | 119      | 15.00 KB
14:46:44  | Slot 851 (seq:400) | 1000000000000000000040000000...  | 120      | 15.00 KB
14:46:44  | Slot 477 (seq:401) | 1000000000000000000040100000...  | 120      | 15.00 KB
14:46:45  | Slot 840 (seq:402) | 1000000000000000000040200000...  | 121      | 15.00 KB
14:46:45  | Slot 835 (seq:403) | 1000000000000000000040300000...  | 122      | 15.00 KB
14:46:46  | Slot 42 (seq:404) | 1000000000000000000040400000...  | 122      | 15.00 KB
14:46:46  | Slot 558 (seq:405) | 1000000000000000000040500000...  | 127      | 15.00 KB
14:46:47  | Slot 255 (seq:406) | 1000000000000000000040600000...  | 127      | 15.00 KB
14:46:47  | Slot 649 (seq:407) | 1000000000000000000040700000...  | 127      | 15.00 KB
14:46:48  | Slot 538 (seq:408) | 1000000000000000000040800000...  | 127      | 15.00 KB
14:46:48  | Slot 461 (seq:409) | 1000000000000000000040900000...  | 129      | 15.00 KB
14:46:49  | Slot 673 (seq:410) | 1000000000000000000041000000...  | 130      | 15.00 KB
14:46:49  | Slot 247 (seq:411) | 1000000000000000000041100000...  | 130      | 15.00 KB
14:46:50  | Slot 124 (seq:412) | 1000000000000000000041200000...  | 130      | 15.00 KB
14:46:50  | Slot 918 (seq:413) | 1000000000000000000041300000...  | 131      | 15.00 KB
14:46:51  | Slot 337 (seq:414) | 1000000000000000000041400000...  | 131      | 15.00 KB
14:46:51  | Slot 385 (seq:415) | 1000000000000000000041500000...  | 131      | 15.00 KB
14:46:52  | Slot 751 (seq:416) | 1000000000000000000041600000...  | 131      | 15.00 KB
14:46:52  | Slot 165 (seq:417) | 1000000000000000000041700000...  | 131      | 15.00 KB
14:46:53  | Slot 391 (seq:418) | 1000000000000000000041800000...  | 132      | 15.00 KB
14:46:53  | Slot 84 (seq:419) | 1000000000000000000041900000...  | 134      | 15.00 KB
14:46:54  | Slot 633 (seq:420) | 1000000000000000000042000000...  | 134      | 15.00 KB
14:46:54  | Slot 913 (seq:421) | 1000000000000000000042100000...  | 136      | 15.00 KB
14:46:55  | Slot 800 (seq:422) | 1000000000000000000042200000...  | 136      | 15.00 KB
14:46:55  | Slot 957 (seq:423) | 1000000000000000000042300000...  | 137      | 15.00 KB
14:46:56  | Slot 166 (seq:424) | 1000000000000000000042400000...  | 139      | 15.00 KB
14:46:56  | Slot 346 (seq:425) | 1000000000000000000042500000...  | 143      | 15.00 KB
14:46:57  | Slot 430 (seq:426) | 1000000000000000000042600000...  | 143      | 15.00 KB
14:46:57  | Slot 795 (seq:427) | 1000000000000000000042700000...  | 146      | 15.00 KB
14:46:58  | Slot 698 (seq:428) | 1000000000000000000042800000...  | 146      | 15.00 KB
14:46:58  | Slot 109 (seq:429) | 1000000000000000000042900000...  | 146      | 15.00 KB
14:46:59  | Slot 613 (seq:430) | 1000000000000000000043000000...  | 146      | 15.00 KB
14:46:59  | Slot 554 (seq:431) | 1000000000000000000043100000...  | 147      | 15.00 KB
14:47:00  | Slot 697 (seq:432) | 1000000000000000000043200000...  | 151      | 15.00 KB
14:47:00  | Slot 371 (seq:433) | 1000000000000000000043300000...  | 151      | 15.00 KB
14:47:01  | Slot 590 (seq:434) | 1000000000000000000043400000...  | 153      | 15.00 KB
14:47:01  | Slot 1 (seq:435) | 1000000000000000000043500000...  | 153      | 15.00 KB
14:47:02  | Slot 907 (seq:436) | 1000000000000000000043600000...  | 153      | 15.00 KB
14:47:02  | Slot 57 (seq:437) | 1000000000000000000043700000...  | 153      | 15.00 KB
14:47:03  | Slot 358 (seq:438) | 1000000000000000000043800000...  | 154      | 15.00 KB
14:47:03  | Slot 755 (seq:439) | 1000000000000000000043900000...  | 154      | 15.00 KB
14:47:04  | Slot 375 (seq:440) | 1000000000000000000044000000...  | 154      | 15.00 KB
14:47:04  | Slot 49 (seq:441) | 1000000000000000000044100000...  | 154      | 15.00 KB
14:47:05  | Slot 404 (seq:442) | 1000000000000000000044200000...  | 155      | 15.00 KB
14:47:05  | Slot 493 (seq:443) | 1000000000000000000044300000...  | 155      | 15.00 KB
14:47:06  | Slot 995 (seq:444) | 1000000000000000000044400000...  | 156      | 15.00 KB
14:47:06  | Slot 22 (seq:445) | 1000000000000000000044500000...  | 156      | 15.00 KB
14:47:07  | Slot 988 (seq:446) | 1000000000000000000044600000...  | 156      | 15.00 KB
14:47:07  | Slot 997 (seq:447) | 1000000000000000000044700000...  | 156      | 15.00 KB
14:47:08  | Slot 39 (seq:448) | 1000000000000000000044800000...  | 156      | 15.00 KB
14:47:08  | Slot 133 (seq:449) | 1000000000000000000044900000...  | 156      | 15.00 KB
14:47:09  | Slot 161 (seq:450) | 1000000000000000000045000000...  | 158      | 15.00 KB
14:47:09  | Slot 809 (seq:451) | 1000000000000000000045100000...  | 159      | 15.00 KB
14:47:10  | Slot 706 (seq:452) | 1000000000000000000045200000...  | 159      | 15.00 KB
14:47:10  | Slot 692 (seq:453) | 1000000000000000000045300000...  | 159      | 15.00 KB
14:47:11  | Slot 221 (seq:454) | 1000000000000000000045400000...  | 159      | 15.00 KB
14:47:11  | Slot 434 (seq:455) | 1000000000000000000045500000...  | 160      | 15.00 KB
14:47:12  | Slot 949 (seq:456) | 1000000000000000000045600000...  | 161      | 15.00 KB
14:47:12  | Slot 720 (seq:457) | 1000000000000000000045700000...  | 161      | 15.00 KB
14:47:13  | Slot 65 (seq:458) | 1000000000000000000045800000...  | 161      | 15.00 KB
14:47:13  | Slot 381 (seq:459) | 1000000000000000000045900000...  | 161      | 15.00 KB
14:47:14  | Slot 552 (seq:460) | 1000000000000000000046000000...  | 161      | 15.00 KB
14:47:14  | Slot 346 (seq:461) | 1000000000000000000046100000...  | 166      | 15.00 KB
14:47:15  | Slot 961 (seq:462) | 1000000000000000000046200000...  | 166      | 15.00 KB
14:47:15  | Slot 635 (seq:463) | 1000000000000000000046300000...  | 166      | 15.00 KB
14:47:16  | Slot 807 (seq:464) | 1000000000000000000046400000...  | 166      | 15.00 KB
14:47:16  | Slot 389 (seq:465) | 1000000000000000000046500000...  | 166      | 15.00 KB
14:47:17  | Slot 274 (seq:466) | 1000000000000000000046600000...  | 169      | 15.00 KB
14:47:17  | Slot 129 (seq:467) | 1000000000000000000046700000...  | 169      | 15.00 KB
14:47:18  | Slot 454 (seq:468) | 1000000000000000000046800000...  | 169      | 15.00 KB
14:47:18  | Slot 396 (seq:469) | 1000000000000000000046900000...  | 170      | 15.00 KB
14:47:19  | Slot 835 (seq:470) | 1000000000000000000047000000...  | 172      | 15.00 KB
14:47:19  | Slot 57 (seq:471) | 1000000000000000000047100000...  | 173      | 15.00 KB
14:47:20  | Slot 727 (seq:472) | 1000000000000000000047200000...  | 173      | 15.00 KB
14:47:20  | Slot 117 (seq:473) | 1000000000000000000047300000...  | 174      | 15.00 KB
14:47:21  | Slot 410 (seq:474) | 1000000000000000000047400000...  | 176      | 15.00 KB
14:47:21  | Slot 16 (seq:475) | 1000000000000000000047500000...  | 176      | 15.00 KB
14:47:22  | Slot 723 (seq:476) | 1000000000000000000047600000...  | 176      | 15.00 KB
14:47:23  | Slot 695 (seq:477) | 1000000000000000000047700000...  | 176      | 15.00 KB
14:47:23  | Slot 266 (seq:478) | 1000000000000000000047800000...  | 176      | 15.00 KB
14:47:24  | Slot 82 (seq:479) | 1000000000000000000047900000...  | 177      | 15.00 KB
14:47:24  | Slot 521 (seq:480) | 1000000000000000000048000000...  | 177      | 15.00 KB
14:47:25  | Slot 570 (seq:481) | 1000000000000000000048100000...  | 177      | 15.00 KB
14:47:25  | Slot 564 (seq:482) | 1000000000000000000048200000...  | 177      | 15.00 KB
14:47:26  | Slot 309 (seq:483) | 1000000000000000000048300000...  | 178      | 15.00 KB
14:47:26  | Slot 600 (seq:484) | 1000000000000000000048400000...  | 178      | 15.00 KB
14:47:27  | Slot 40 (seq:485) | 1000000000000000000048500000...  | 178      | 15.00 KB
14:47:27  | Slot 101 (seq:486) | 1000000000000000000048600000...  | 179      | 15.00 KB
14:47:28  | Slot 38 (seq:487) | 1000000000000000000048700000...  | 182      | 15.00 KB
14:47:28  | Slot 375 (seq:488) | 1000000000000000000048800000...  | 184      | 15.00 KB
14:47:29  | Slot 258 (seq:489) | 1000000000000000000048900000...  | 185      | 15.00 KB
14:47:29  | Slot 824 (seq:490) | 1000000000000000000049000000...  | 185      | 15.00 KB
14:47:30  | Slot 389 (seq:491) | 1000000000000000000049100000...  | 186      | 15.00 KB
14:47:31  | Slot 77 (seq:492) | 1000000000000000000049200000...  | 186      | 15.00 KB
14:47:31  | Slot 273 (seq:493) | 1000000000000000000049300000...  | 186      | 15.00 KB
14:47:32  | Slot 728 (seq:494) | 1000000000000000000049400000...  | 186      | 15.00 KB
14:47:32  | Slot 967 (seq:495) | 1000000000000000000049500000...  | 186      | 15.00 KB
14:47:33  | Slot 80 (seq:496) | 1000000000000000000049600000...  | 193      | 15.00 KB
14:47:33  | Slot 443 (seq:497) | 1000000000000000000049700000...  | 193      | 15.00 KB
14:47:34  | Slot 785 (seq:498) | 1000000000000000000049800000...  | 193      | 15.00 KB
14:47:34  | Slot 813 (seq:499) | 1000000000000000000049900000...  | 194      | 15.00 KB
14:47:35  | Slot 794 (seq:500) | 1000000000000000000050000000...  | 199      | 15.00 KB
14:47:35  | Slot 258 (seq:501) | 1000000000000000000050100000...  | 201      | 15.00 KB
14:47:36  | Slot 441 (seq:502) | 1000000000000000000050200000...  | 201      | 15.00 KB
14:47:36  | Slot 672 (seq:503) | 1000000000000000000050300000...  | 204      | 15.00 KB
14:47:37  | Slot 996 (seq:504) | 1000000000000000000050400000...  | 210      | 15.00 KB
14:47:37  | Slot 804 (seq:505) | 1000000000000000000050500000...  | 212      | 15.00 KB
14:47:38  | Slot 785 (seq:506) | 1000000000000000000050600000...  | 214      | 15.00 KB
14:47:38  | Slot 430 (seq:507) | 1000000000000000000050700000...  | 215      | 15.00 KB
14:47:39  | Slot 875 (seq:508) | 1000000000000000000050800000...  | 215      | 15.00 KB
14:47:39  | Slot 212 (seq:509) | 1000000000000000000050900000...  | 218      | 15.00 KB
14:47:40  | Slot 15 (seq:510) | 1000000000000000000051000000...  | 218      | 15.00 KB
14:47:40  | Slot 488 (seq:511) | 1000000000000000000051100000...  | 219      | 15.00 KB
14:47:41  | Slot 580 (seq:512) | 1000000000000000000051200000...  | 219      | 15.00 KB
14:47:41  | Slot 720 (seq:513) | 1000000000000000000051300000...  | 223      | 15.00 KB
14:47:42  | Slot 560 (seq:514) | 1000000000000000000051400000...  | 228      | 15.00 KB
14:47:42  | Slot 937 (seq:515) | 1000000000000000000051500000...  | 228      | 15.00 KB
14:47:43  | Slot 588 (seq:516) | 1000000000000000000051600000...  | 229      | 15.00 KB
14:47:43  | Slot 611 (seq:517) | 1000000000000000000051700000...  | 232      | 15.00 KB
14:47:44  | Slot 868 (seq:518) | 1000000000000000000051800000...  | 232      | 15.00 KB
14:47:44  | Slot 135 (seq:519) | 1000000000000000000051900000...  | 232      | 15.00 KB
14:47:45  | Slot 48 (seq:520) | 1000000000000000000052000000...  | 234      | 15.00 KB
14:47:45  | Slot 214 (seq:521) | 1000000000000000000052100000...  | 236      | 15.00 KB
14:47:46  | Slot 858 (seq:522) | 1000000000000000000052200000...  | 236      | 15.00 KB
14:47:46  | Slot 281 (seq:523) | 1000000000000000000052300000...  | 236      | 15.00 KB
14:47:47  | Slot 32 (seq:524) | 1000000000000000000052400000...  | 236      | 15.00 KB
14:47:47  | Slot 869 (seq:525) | 1000000000000000000052500000...  | 236      | 15.00 KB
14:47:48  | Slot 178 (seq:526) | 1000000000000000000052600000...  | 240      | 15.00 KB
14:47:48  | Slot 94 (seq:527) | 1000000000000000000052700000...  | 242      | 15.00 KB
14:47:49  | Slot 187 (seq:528) | 1000000000000000000052800000...  | 242      | 15.00 KB
14:47:49  | Slot 534 (seq:529) | 1000000000000000000052900000...  | 242      | 15.00 KB
14:47:50  | Slot 121 (seq:530) | 1000000000000000000053000000...  | 242      | 15.00 KB
14:47:50  | Slot 547 (seq:531) | 1000000000000000000053100000...  | 248      | 15.00 KB
14:47:51  | Slot 652 (seq:532) | 1000000000000000000053200000...  | 248      | 15.00 KB
14:47:51  | Slot 792 (seq:533) | 1000000000000000000053300000...  | 248      | 15.00 KB
14:47:52  | Slot 685 (seq:534) | 1000000000000000000053400000...  | 248      | 15.00 KB
14:47:52  | Slot 970 (seq:535) | 1000000000000000000053500000...  | 248      | 15.00 KB
14:47:53  | Slot 861 (seq:536) | 1000000000000000000053600000...  | 248      | 15.00 KB
14:47:53  | Slot 326 (seq:537) | 1000000000000000000053700000...  | 248      | 15.00 KB
14:47:54  | Slot 545 (seq:538) | 1000000000000000000053800000...  | 248      | 15.00 KB
14:47:54  | Slot 915 (seq:539) | 1000000000000000000053900000...  | 250      | 15.00 KB
14:47:55  | Slot 667 (seq:540) | 1000000000000000000054000000...  | 251      | 15.00 KB
14:47:55  | Slot 379 (seq:541) | 1000000000000000000054100000...  | 252      | 15.00 KB
14:47:56  | Slot 759 (seq:542) | 1000000000000000000054200000...  | 252      | 15.00 KB
14:47:56  | Slot 696 (seq:543) | 1000000000000000000054300000...  | 252      | 15.00 KB
14:47:57  | Slot 908 (seq:544) | 1000000000000000000054400000...  | 252      | 15.00 KB
14:47:57  | Slot 523 (seq:545) | 1000000000000000000054500000...  | 252      | 15.00 KB
14:47:58  | Slot 947 (seq:546) | 1000000000000000000054600000...  | 256      | 15.00 KB
14:47:58  | Slot 667 (seq:547) | 1000000000000000000054700000...  | 258      | 15.00 KB
14:47:59  | Slot 502 (seq:548) | 1000000000000000000054800000...  | 258      | 15.03 KB
14:47:59  | Slot 567 (seq:549) | 1000000000000000000054900000...  | 258      | 15.03 KB
14:48:00  | Slot 131 (seq:550) | 1000000000000000000055000000...  | 259      | 15.03 KB
14:48:00  | Slot 35 (seq:551) | 1000000000000000000055100000...  | 267      | 15.03 KB
14:48:01  | Slot 386 (seq:552) | 1000000000000000000055200000...  | 268      | 15.03 KB
14:48:01  | Slot 546 (seq:553) | 1000000000000000000055300000...  | 278      | 15.03 KB
14:48:02  | Slot 24 (seq:554) | 1000000000000000000055400000...  | 278      | 15.03 KB
14:48:02  | Slot 958 (seq:555) | 1000000000000000000055500000...  | 279      | 15.03 KB
14:48:03  | Slot 595 (seq:556) | 1000000000000000000055600000...  | 280      | 15.03 KB
14:48:03  | Slot 127 (seq:557) | 1000000000000000000055700000...  | 283      | 15.03 KB
14:48:04  | Slot 944 (seq:558) | 1000000000000000000055800000...  | 292      | 15.03 KB
14:48:04  | Slot 206 (seq:559) | 1000000000000000000055900000...  | 292      | 15.03 KB
14:48:05  | Slot 968 (seq:560) | 1000000000000000000056000000...  | 293      | 15.03 KB
14:48:05  | Slot 242 (seq:561) | 1000000000000000000056100000...  | 293      | 15.03 KB
14:48:06  | Slot 24 (seq:562) | 1000000000000000000056200000...  | 294      | 15.03 KB
14:48:06  | Slot 279 (seq:563) | 1000000000000000000056300000...  | 294      | 15.03 KB
14:48:07  | Slot 96 (seq:564) | 1000000000000000000056400000...  | 296      | 15.03 KB
14:48:07  | Slot 485 (seq:565) | 1000000000000000000056500000...  | 296      | 15.03 KB
14:48:08  | Slot 182 (seq:566) | 1000000000000000000056600000...  | 297      | 15.03 KB
14:48:08  | Slot 345 (seq:567) | 1000000000000000000056700000...  | 297      | 15.03 KB
14:48:09  | Slot 771 (seq:568) | 1000000000000000000056800000...  | 302      | 15.03 KB
14:48:09  | Slot 655 (seq:569) | 1000000000000000000056900000...  | 302      | 15.03 KB
14:48:10  | Slot 704 (seq:570) | 1000000000000000000057000000...  | 302      | 15.03 KB
14:48:10  | Slot 156 (seq:571) | 1000000000000000000057100000...  | 302      | 15.03 KB
14:48:11  | Slot 560 (seq:572) | 1000000000000000000057200000...  | 310      | 15.03 KB
14:48:11  | Slot 222 (seq:573) | 1000000000000000000057300000...  | 310      | 15.03 KB
14:48:12  | Slot 29 (seq:574) | 1000000000000000000057400000...  | 311      | 15.03 KB
14:48:12  | Slot 854 (seq:575) | 1000000000000000000057500000...  | 312      | 15.03 KB
14:48:13  | Slot 814 (seq:576) | 1000000000000000000057600000...  | 316      | 15.03 KB
14:48:13  | Slot 579 (seq:577) | 1000000000000000000057700000...  | 319      | 15.03 KB
14:48:14  | Slot 88 (seq:578) | 1000000000000000000057800000...  | 319      | 15.03 KB
14:48:14  | Slot 606 (seq:579) | 1000000000000000000057900000...  | 319      | 15.03 KB
14:48:15  | Slot 606 (seq:580) | 1000000000000000000058000000...  | 322      | 15.03 KB
14:48:15  | Slot 676 (seq:581) | 1000000000000000000058100000...  | 323      | 15.03 KB
14:48:16  | Slot 334 (seq:582) | 1000000000000000000058200000...  | 324      | 15.03 KB
14:48:16  | Slot 372 (seq:583) | 1000000000000000000058300000...  | 324      | 15.03 KB
14:48:17  | Slot 168 (seq:584) | 1000000000000000000058400000...  | 325      | 15.03 KB
14:48:17  | Slot 81 (seq:585) | 1000000000000000000058500000...  | 333      | 15.03 KB
14:48:18  | Slot 21 (seq:586) | 1000000000000000000058600000...  | 333      | 15.03 KB
14:48:18  | Slot 555 (seq:587) | 1000000000000000000058700000...  | 335      | 15.03 KB
14:48:19  | Slot 775 (seq:588) | 1000000000000000000058800000...  | 338      | 15.03 KB
14:48:19  | Slot 819 (seq:589) | 1000000000000000000058900000...  | 339      | 15.03 KB
14:48:20  | Slot 854 (seq:590) | 1000000000000000000059000000...  | 345      | 15.03 KB
14:48:20  | Slot 399 (seq:591) | 1000000000000000000059100000...  | 348      | 15.03 KB
14:48:21  | Slot 828 (seq:592) | 1000000000000000000059200000...  | 348      | 15.03 KB
14:48:21  | Slot 83 (seq:593) | 1000000000000000000059300000...  | 356      | 15.03 KB
14:48:22  | Slot 669 (seq:594) | 1000000000000000000059400000...  | 357      | 15.03 KB
14:48:22  | Slot 732 (seq:595) | 1000000000000000000059500000...  | 357      | 15.03 KB
14:48:23  | Slot 433 (seq:596) | 1000000000000000000059600000...  | 357      | 15.03 KB
14:48:23  | Slot 140 (seq:597) | 1000000000000000000059700000...  | 359      | 15.03 KB
14:48:24  | Slot 443 (seq:598) | 1000000000000000000059800000...  | 362      | 15.03 KB
14:48:24  | Slot 330 (seq:599) | 1000000000000000000059900000...  | 362      | 15.03 KB
14:48:25  | Slot 520 (seq:600) | 1000000000000000000060000000...  | 362      | 15.03 KB
14:48:25  | Slot 576 (seq:601) | 1000000000000000000060100000...  | 362      | 15.03 KB
14:48:26  | Slot 613 (seq:602) | 1000000000000000000060200000...  | 368      | 15.03 KB
14:48:26  | Slot 970 (seq:603) | 1000000000000000000060300000...  | 371      | 15.03 KB
14:48:27  | Slot 652 (seq:604) | 1000000000000000000060400000...  | 373      | 15.03 KB
14:48:27  | Slot 351 (seq:605) | 1000000000000000000060500000...  | 374      | 15.03 KB
14:48:28  | Slot 376 (seq:606) | 1000000000000000000060600000...  | 386      | 15.03 KB
14:48:28  | Slot 524 (seq:607) | 1000000000000000000060700000...  | 386      | 15.03 KB
14:48:29  | Slot 349 (seq:608) | 1000000000000000000060800000...  | 390      | 15.03 KB
14:48:29  | Slot 591 (seq:609) | 1000000000000000000060900000...  | 393      | 15.03 KB
14:48:30  | Slot 31 (seq:610) | 1000000000000000000061000000...  | 393      | 15.03 KB
14:48:30  | Slot 829 (seq:611) | 1000000000000000000061100000...  | 393      | 15.03 KB
14:48:31  | Slot 640 (seq:612) | 1000000000000000000061200000...  | 393      | 15.03 KB
14:48:31  | Slot 768 (seq:613) | 1000000000000000000061300000...  | 393      | 15.03 KB
14:48:32  | Slot 148 (seq:614) | 1000000000000000000061400000...  | 394      | 15.03 KB
14:48:32  | Slot 663 (seq:615) | 1000000000000000000061500000...  | 394      | 15.03 KB
14:48:33  | Slot 242 (seq:616) | 1000000000000000000061600000...  | 395      | 15.03 KB
14:48:33  | Slot 223 (seq:617) | 1000000000000000000061700000...  | 395      | 15.03 KB
14:48:34  | Slot 308 (seq:618) | 1000000000000000000061800000...  | 395      | 15.03 KB
14:48:34  | Slot 235 (seq:619) | 1000000000000000000061900000...  | 396      | 15.03 KB
14:48:35  | Slot 441 (seq:620) | 1000000000000000000062000000...  | 397      | 15.03 KB
14:48:35  | Slot 256 (seq:621) | 1000000000000000000062100000...  | 398      | 15.03 KB
14:48:36  | Slot 554 (seq:622) | 1000000000000000000062200000...  | 413      | 15.03 KB
14:48:36  | Slot 10 (seq:623) | 1000000000000000000062300000...  | 416      | 15.03 KB
14:48:37  | Slot 59 (seq:624) | 1000000000000000000062400000...  | 416      | 15.03 KB
14:48:37  | Slot 393 (seq:625) | 1000000000000000000062500000...  | 421      | 15.03 KB
14:48:38  | Slot 151 (seq:626) | 1000000000000000000062600000...  | 422      | 15.03 KB
14:48:38  | Slot 674 (seq:627) | 1000000000000000000062700000...  | 426      | 15.03 KB
14:48:39  | Slot 730 (seq:628) | 1000000000000000000062800000...  | 427      | 15.03 KB
14:48:39  | Slot 521 (seq:629) | 1000000000000000000062900000...  | 428      | 15.03 KB
14:48:40  | Slot 821 (seq:630) | 1000000000000000000063000000...  | 428      | 15.03 KB
14:48:40  | Slot 714 (seq:631) | 1000000000000000000063100000...  | 429      | 15.03 KB
14:48:41  | Slot 1 (seq:632) | 1000000000000000000063200000...  | 432      | 15.03 KB
14:48:41  | Slot 971 (seq:633) | 1000000000000000000063300000...  | 436      | 15.03 KB
14:48:42  | Slot 919 (seq:634) | 1000000000000000000063400000...  | 437      | 15.03 KB
14:48:42  | Slot 623 (seq:635) | 1000000000000000000063500000...  | 439      | 15.03 KB
14:48:43  | Slot 184 (seq:636) | 1000000000000000000063600000...  | 439      | 15.03 KB
14:48:43  | Slot 281 (seq:637) | 1000000000000000000063700000...  | 441      | 15.03 KB
14:48:44  | Slot 838 (seq:638) | 1000000000000000000063800000...  | 442      | 15.03 KB
14:48:44  | Slot 421 (seq:639) | 1000000000000000000063900000...  | 443      | 15.03 KB
14:48:45  | Slot 333 (seq:640) | 1000000000000000000064000000...  | 449      | 15.03 KB
14:48:45  | Slot 372 (seq:641) | 1000000000000000000064100000...  | 480      | 15.03 KB
14:48:46  | Slot 857 (seq:642) | 1000000000000000000064200000...  | 485      | 15.03 KB
14:48:46  | Slot 707 (seq:643) | 1000000000000000000064300000...  | 485      | 15.03 KB
14:48:47  | Slot 884 (seq:644) | 1000000000000000000064400000...  | 489      | 15.03 KB
14:48:47  | Slot 716 (seq:645) | 1000000000000000000064500000...  | 489      | 15.03 KB
14:48:48  | Slot 372 (seq:646) | 1000000000000000000064600000...  | 523      | 15.03 KB
14:48:48  | Slot 220 (seq:647) | 1000000000000000000064700000...  | 523      | 15.03 KB
14:48:49  | Slot 5 (seq:648) | 1000000000000000000064800000...  | 523      | 15.03 KB
14:48:49  | Slot 872 (seq:649) | 1000000000000000000064900000...  | 523      | 15.03 KB
14:48:50  | Slot 300 (seq:650) | 1000000000000000000065000000...  | 525      | 15.03 KB
14:48:50  | Slot 868 (seq:651) | 1000000000000000000065100000...  | 527      | 15.03 KB
14:48:51  | Slot 411 (seq:652) | 1000000000000000000065200000...  | 531      | 15.03 KB
14:48:51  | Slot 0 (seq:653) | 1000000000000000000065300000...  | 538      | 15.03 KB
14:48:52  | Slot 900 (seq:654) | 1000000000000000000065400000...  | 538      | 15.03 KB
14:48:52  | Slot 819 (seq:655) | 1000000000000000000065500000...  | 541      | 15.03 KB
14:48:53  | Slot 41 (seq:656) | 1000000000000000000065600000...  | 544      | 15.03 KB
14:48:53  | Slot 459 (seq:657) | 1000000000000000000065700000...  | 544      | 15.03 KB
14:48:54  | Slot 105 (seq:658) | 1000000000000000000065800000...  | 544      | 15.03 KB
14:48:54  | Slot 840 (seq:659) | 1000000000000000000065900000...  | 546      | 15.03 KB
14:48:55  | Slot 137 (seq:660) | 1000000000000000000066000000...  | 556      | 15.03 KB
14:48:55  | Slot 676 (seq:661) | 1000000000000000000066100000...  | 559      | 15.03 KB
14:48:56  | Slot 430 (seq:662) | 1000000000000000000066200000...  | 565      | 15.03 KB
14:48:56  | Slot 533 (seq:663) | 1000000000000000000066300000...  | 565      | 15.03 KB
14:48:57  | Slot 713 (seq:664) | 1000000000000000000066400000...  | 565      | 15.03 KB
14:48:57  | Slot 773 (seq:665) | 1000000000000000000066500000...  | 571      | 15.03 KB
14:48:58  | Slot 923 (seq:666) | 1000000000000000000066600000...  | 571      | 15.03 KB
14:48:58  | Slot 318 (seq:667) | 1000000000000000000066700000...  | 580      | 15.03 KB
14:48:59  | Slot 779 (seq:668) | 1000000000000000000066800000...  | 581      | 15.03 KB
14:48:59  | Slot 660 (seq:669) | 1000000000000000000066900000...  | 581      | 15.03 KB
14:49:00  | Slot 355 (seq:670) | 1000000000000000000067000000...  | 581      | 15.03 KB
14:49:00  | Slot 258 (seq:671) | 1000000000000000000067100000...  | 584      | 15.03 KB
14:49:01  | Slot 331 (seq:672) | 1000000000000000000067200000...  | 584      | 15.03 KB
14:49:01  | Slot 362 (seq:673) | 1000000000000000000067300000...  | 586      | 15.03 KB
14:49:02  | Slot 125 (seq:674) | 1000000000000000000067400000...  | 611      | 15.03 KB
14:49:02  | Slot 637 (seq:675) | 1000000000000000000067500000...  | 611      | 15.03 KB
14:49:03  | Slot 537 (seq:676) | 1000000000000000000067600000...  | 613      | 15.03 KB
14:49:03  | Slot 427 (seq:677) | 1000000000000000000067700000...  | 614      | 15.03 KB
14:49:04  | Slot 715 (seq:678) | 1000000000000000000067800000...  | 616      | 15.03 KB
14:49:04  | Slot 737 (seq:679) | 1000000000000000000067900000...  | 616      | 15.03 KB
14:49:05  | Slot 485 (seq:680) | 1000000000000000000068000000...  | 617      | 15.03 KB
14:49:05  | Slot 334 (seq:681) | 1000000000000000000068100000...  | 623      | 15.03 KB
14:49:06  | Slot 357 (seq:682) | 1000000000000000000068200000...  | 631      | 15.03 KB
14:49:06  | Slot 180 (seq:683) | 1000000000000000000068300000...  | 637      | 15.03 KB
14:49:07  | Slot 872 (seq:684) | 1000000000000000000068400000...  | 638      | 15.03 KB
14:49:07  | Slot 58 (seq:685) | 1000000000000000000068500000...  | 640      | 15.03 KB
14:49:08  | Slot 854 (seq:686) | 1000000000000000000068600000...  | 649      | 15.03 KB
14:49:08  | Slot 266 (seq:687) | 1000000000000000000068700000...  | 650      | 15.03 KB
14:49:09  | Slot 797 (seq:688) | 1000000000000000000068800000...  | 654      | 15.03 KB
14:49:09  | Slot 438 (seq:689) | 1000000000000000000068900000...  | 654      | 15.03 KB
14:49:10  | Slot 786 (seq:690) | 1000000000000000000069000000...  | 656      | 15.03 KB
14:49:10  | Slot 55 (seq:691) | 1000000000000000000069100000...  | 657      | 15.03 KB
14:49:11  | Slot 213 (seq:692) | 1000000000000000000069200000...  | 661      | 15.03 KB
14:49:11  | Slot 495 (seq:693) | 1000000000000000000069300000...  | 664      | 15.03 KB
14:49:12  | Slot 437 (seq:694) | 1000000000000000000069400000...  | 666      | 15.03 KB
14:49:12  | Slot 213 (seq:695) | 1000000000000000000069500000...  | 671      | 15.03 KB
14:49:13  | Slot 496 (seq:696) | 1000000000000000000069600000...  | 674      | 15.03 KB
14:49:13  | Slot 499 (seq:697) | 1000000000000000000069700000...  | 676      | 15.03 KB
14:49:14  | Slot 637 (seq:698) | 1000000000000000000069800000...  | 677      | 15.03 KB
14:49:14  | Slot 35 (seq:699) | 1000000000000000000069900000...  | 688      | 15.03 KB
14:49:15  | Slot 85 (seq:700) | 1000000000000000000070000000...  | 695      | 15.03 KB
14:49:15  | Slot 470 (seq:701) | 1000000000000000000070100000...  | 696      | 15.03 KB
14:49:16  | Slot 786 (seq:702) | 1000000000000000000070200000...  | 700      | 15.03 KB
14:49:16  | Slot 199 (seq:703) | 1000000000000000000070300000...  | 700      | 15.03 KB
14:49:17  | Slot 772 (seq:704) | 1000000000000000000070400000...  | 709      | 15.03 KB
14:49:17  | Slot 103 (seq:705) | 1000000000000000000070500000...  | 710      | 15.03 KB
14:49:18  | Slot 280 (seq:706) | 1000000000000000000070600000...  | 714      | 15.03 KB
14:49:18  | Slot 201 (seq:707) | 1000000000000000000070700000...  | 714      | 15.03 KB
14:49:19  | Slot 892 (seq:708) | 1000000000000000000070800000...  | 714      | 15.03 KB
14:49:19  | Slot 202 (seq:709) | 1000000000000000000070900000...  | 714      | 15.03 KB
14:49:20  | Slot 491 (seq:710) | 1000000000000000000071000000...  | 714      | 15.03 KB
14:49:20  | Slot 581 (seq:711) | 1000000000000000000071100000...  | 716      | 15.03 KB
14:49:21  | Slot 36 (seq:712) | 1000000000000000000071200000...  | 732      | 15.03 KB
14:49:21  | Slot 339 (seq:713) | 1000000000000000000071300000...  | 734      | 15.03 KB
14:49:22  | Slot 412 (seq:714) | 1000000000000000000071400000...  | 738      | 15.03 KB
14:49:22  | Slot 674 (seq:715) | 1000000000000000000071500000...  | 744      | 15.03 KB
14:49:23  | Slot 428 (seq:716) | 1000000000000000000071600000...  | 745      | 15.03 KB
14:49:23  | Slot 430 (seq:717) | 1000000000000000000071700000...  | 755      | 15.03 KB
14:49:24  | Slot 439 (seq:718) | 1000000000000000000071800000...  | 767      | 15.03 KB
14:49:24  | Slot 160 (seq:719) | 1000000000000000000071900000...  | 767      | 15.03 KB
14:49:25  | Slot 194 (seq:720) | 1000000000000000000072000000...  | 769      | 15.03 KB
14:49:25  | Slot 428 (seq:721) | 1000000000000000000072100000...  | 794      | 15.03 KB
14:49:26  | Slot 980 (seq:722) | 1000000000000000000072200000...  | 794      | 15.03 KB
14:49:26  | Slot 164 (seq:723) | 1000000000000000000072300000...  | 794      | 15.03 KB
14:49:27  | Slot 174 (seq:724) | 1000000000000000000072400000...  | 794      | 15.03 KB
14:49:27  | Slot 335 (seq:725) | 1000000000000000000072500000...  | 801      | 15.03 KB
14:49:28  | Slot 625 (seq:726) | 1000000000000000000072600000...  | 803      | 15.03 KB
14:49:28  | Slot 136 (seq:727) | 1000000000000000000072700000...  | 821      | 15.03 KB
14:49:29  | Slot 484 (seq:728) | 1000000000000000000072800000...  | 821      | 15.03 KB
14:49:29  | Slot 234 (seq:729) | 1000000000000000000072900000...  | 821      | 15.03 KB
14:49:30  | Slot 950 (seq:730) | 1000000000000000000073000000...  | 825      | 15.03 KB
14:49:30  | Slot 59 (seq:731) | 1000000000000000000073100000...  | 827      | 15.03 KB
14:49:31  | Slot 921 (seq:732) | 1000000000000000000073200000...  | 827      | 15.03 KB
14:49:31  | Slot 220 (seq:733) | 1000000000000000000073300000...  | 831      | 15.03 KB
14:49:32  | Slot 759 (seq:734) | 1000000000000000000073400000...  | 832      | 15.03 KB
14:49:32  | Slot 632 (seq:735) | 1000000000000000000073500000...  | 832      | 15.03 KB
14:49:33  | Slot 197 (seq:736) | 1000000000000000000073600000...  | 832      | 15.03 KB
14:49:33  | Slot 902 (seq:737) | 1000000000000000000073700000...  | 832      | 15.03 KB
14:49:34  | Slot 406 (seq:738) | 1000000000000000000073800000...  | 833      | 15.03 KB
14:49:34  | Slot 636 (seq:739) | 1000000000000000000073900000...  | 836      | 15.03 KB
14:49:35  | Slot 782 (seq:740) | 1000000000000000000074000000...  | 836      | 15.03 KB
14:49:35  | Slot 948 (seq:741) | 1000000000000000000074100000...  | 843      | 15.03 KB
14:49:36  | Slot 249 (seq:742) | 1000000000000000000074200000...  | 844      | 15.03 KB
14:49:36  | Slot 783 (seq:743) | 1000000000000000000074300000...  | 845      | 15.03 KB
14:49:37  | Slot 745 (seq:744) | 1000000000000000000074400000...  | 847      | 15.03 KB
14:49:37  | Slot 750 (seq:745) | 1000000000000000000074500000...  | 851      | 15.03 KB
14:49:38  | Slot 39 (seq:746) | 1000000000000000000074600000...  | 865      | 15.03 KB
14:49:38  | Slot 915 (seq:747) | 1000000000000000000074700000...  | 872      | 15.03 KB
14:49:39  | Slot 629 (seq:748) | 1000000000000000000074800000...  | 872      | 15.03 KB
14:49:39  | Slot 553 (seq:749) | 1000000000000000000074900000...  | 890      | 15.03 KB
14:49:40  | Slot 758 (seq:750) | 1000000000000000000075000000...  | 890      | 15.03 KB
14:49:40  | Slot 897 (seq:751) | 1000000000000000000075100000...  | 896      | 15.03 KB
14:49:41  | Slot 784 (seq:752) | 1000000000000000000075200000...  | 920      | 15.03 KB
14:49:41  | Slot 19 (seq:753) | 1000000000000000000075300000...  | 920      | 15.03 KB
14:49:42  | Slot 912 (seq:754) | 1000000000000000000075400000...  | 932      | 15.03 KB
14:49:42  | Slot 827 (seq:755) | 1000000000000000000075500000...  | 932      | 15.03 KB
14:49:43  | Slot 394 (seq:756) | 1000000000000000000075600000...  | 947      | 15.03 KB
14:49:43  | Slot 633 (seq:757) | 1000000000000000000075700000...  | 959      | 15.03 KB
14:49:44  | Slot 343 (seq:758) | 1000000000000000000075800000...  | 960      | 15.03 KB
14:49:44  | Slot 831 (seq:759) | 1000000000000000000075900000...  | 960      | 15.03 KB
14:49:45  | Slot 896 (seq:760) | 1000000000000000000076000000...  | 968      | 15.03 KB
14:49:45  | Slot 906 (seq:761) | 1000000000000000000076100000...  | 968      | 15.03 KB
14:49:46  | Slot 137 (seq:762) | 1000000000000000000076200000...  | 986      | 15.03 KB
14:49:46  | Slot 486 (seq:763) | 1000000000000000000076300000...  | 987      | 15.03 KB
14:49:47  | Slot 800 (seq:764) | 1000000000000000000076400000...  | 1010     | 15.03 KB
14:49:47  | Slot 792 (seq:765) | 1000000000000000000076500000...  | 1043     | 15.03 KB
14:49:48  | Slot 735 (seq:766) | 1000000000000000000076600000...  | 1043     | 15.03 KB
14:49:48  | Slot 824 (seq:767) | 1000000000000000000076700000...  | 1045     | 15.03 KB
14:49:49  | Slot 744 (seq:768) | 1000000000000000000076800000...  | 1057     | 15.03 KB
14:49:49  | Slot 948 (seq:769) | 1000000000000000000076900000...  | 1065     | 15.03 KB
14:49:50  | Slot 819 (seq:770) | 1000000000000000000077000000...  | 1076     | 15.03 KB
14:49:50  | Slot 231 (seq:771) | 1000000000000000000077100000...  | 1076     | 15.03 KB
14:49:51  | Slot 494 (seq:772) | 1000000000000000000077200000...  | 1076     | 15.03 KB
14:49:51  | Slot 161 (seq:773) | 1000000000000000000077300000...  | 1086     | 15.03 KB
14:49:52  | Slot 559 (seq:774) | 1000000000000000000077400000...  | 1099     | 15.03 KB
14:49:52  | Slot 788 (seq:775) | 1000000000000000000077500000...  | 1154     | 15.03 KB
14:49:53  | Slot 943 (seq:776) | 1000000000000000000077600000...  | 1154     | 15.03 KB
14:49:53  | Slot 944 (seq:777) | 1000000000000000000077700000...  | 1172     | 15.03 KB
14:49:54  | Slot 191 (seq:778) | 1000000000000000000077800000...  | 1172     | 15.03 KB
14:49:54  | Slot 432 (seq:779) | 1000000000000000000077900000...  | 1195     | 15.03 KB
14:49:55  | Slot 739 (seq:780) | 1000000000000000000078000000...  | 1195     | 15.03 KB
14:49:55  | Slot 654 (seq:781) | 1000000000000000000078100000...  | 1197     | 15.03 KB
14:49:56  | Slot 502 (seq:782) | 1000000000000000000078200000...  | 1198     | 15.03 KB
14:49:56  | Slot 975 (seq:783) | 1000000000000000000078300000...  | 1199     | 15.03 KB
14:49:57  | Slot 320 (seq:784) | 1000000000000000000078400000...  | 1208     | 15.03 KB
14:49:58  | Slot 438 (seq:785) | 1000000000000000000078500000...  | 1226     | 15.03 KB
14:49:58  | Slot 344 (seq:786) | 1000000000000000000078600000...  | 1236     | 15.03 KB
14:49:59  | Slot 550 (seq:787) | 1000000000000000000078700000...  | 1260     | 15.03 KB
14:49:59  | Slot 770 (seq:788) | 1000000000000000000078800000...  | 1335     | 15.03 KB
14:50:00  | Slot 338 (seq:789) | 1000000000000000000078900000...  | 1353     | 15.03 KB
14:50:00  | Slot 797 (seq:790) | 1000000000000000000079000000...  | 1402     | 15.03 KB
14:50:01  | Slot 886 (seq:791) | 1000000000000000000079100000...  | 1405     | 15.03 KB
14:50:01  | Slot 515 (seq:792) | 1000000000000000000079200000...  | 1405     | 15.03 KB
14:50:02  | Slot 52 (seq:793) | 1000000000000000000079300000...  | 1415     | 15.03 KB
14:50:02  | Slot 329 (seq:794) | 1000000000000000000079400000...  | 1418     | 15.03 KB
14:50:03  | Slot 722 (seq:795) | 1000000000000000000079500000...  | 1421     | 15.03 KB
14:50:03  | Slot 970 (seq:796) | 1000000000000000000079600000...  | 1432     | 15.03 KB
14:50:04  | Slot 123 (seq:797) | 1000000000000000000079700000...  | 1432     | 15.03 KB
14:50:04  | Slot 320 (seq:798) | 1000000000000000000079800000...  | 1478     | 15.03 KB
14:50:05  | Slot 343 (seq:799) | 1000000000000000000079900000...  | 1502     | 15.03 KB
14:50:05  | Slot 597 (seq:800) | 1000000000000000000080000000...  | 1502     | 15.03 KB
14:50:06  | Slot 350 (seq:801) | 1000000000000000000080100000...  | 1521     | 15.03 KB
14:50:06  | Slot 592 (seq:802) | 1000000000000000000080200000...  | 1527     | 15.03 KB
14:50:07  | Slot 113 (seq:803) | 1000000000000000000080300000...  | 1529     | 15.03 KB
14:50:07  | Slot 1 (seq:804) | 1000000000000000000080400000...  | 1536     | 15.03 KB
14:50:08  | Slot 267 (seq:805) | 1000000000000000000080500000...  | 1538     | 15.03 KB
14:50:08  | Slot 572 (seq:806) | 1000000000000000000080600000...  | 1541     | 15.03 KB
14:50:09  | Slot 324 (seq:807) | 1000000000000000000080700000...  | 1634     | 15.03 KB
14:50:09  | Slot 583 (seq:808) | 1000000000000000000080800000...  | 1635     | 15.03 KB
14:50:10  | Slot 154 (seq:809) | 1000000000000000000080900000...  | 1639     | 15.03 KB
14:50:10  | Slot 120 (seq:810) | 1000000000000000000081000000...  | 1639     | 15.03 KB
14:50:11  | Slot 201 (seq:811) | 1000000000000000000081100000...  | 1643     | 15.03 KB
14:50:11  | Slot 596 (seq:812) | 1000000000000000000081200000...  | 1648     | 15.03 KB
14:50:12  | Slot 329 (seq:813) | 1000000000000000000081300000...  | 1737     | 15.03 KB
14:50:12  | Slot 106 (seq:814) | 1000000000000000000081400000...  | 1739     | 15.03 KB
14:50:13  | Slot 829 (seq:815) | 1000000000000000000081500000...  | 1757     | 15.03 KB
14:50:13  | Slot 167 (seq:816) | 1000000000000000000081600000...  | 1762     | 15.03 KB
14:50:14  | Slot 7 (seq:817) | 1000000000000000000081700000...  | 1764     | 15.03 KB
14:50:14  | Slot 217 (seq:818) | 1000000000000000000081800000...  | 1766     | 15.03 KB
14:50:15  | Slot 991 (seq:819) | 1000000000000000000081900000...  | 1766     | 15.03 KB
14:50:15  | Slot 807 (seq:820) | 1000000000000000000082000000...  | 1809     | 15.03 KB
14:50:16  | Slot 245 (seq:821) | 1000000000000000000082100000...  | 1809     | 15.03 KB
14:50:16  | Slot 373 (seq:822) | 1000000000000000000082200000...  | 1855     | 15.03 KB
14:50:17  | Slot 200 (seq:823) | 1000000000000000000082300000...  | 1862     | 15.03 KB
14:50:17  | Slot 993 (seq:824) | 1000000000000000000082400000...  | 1862     | 15.03 KB
14:50:18  | Slot 32 (seq:825) | 1000000000000000000082500000...  | 1863     | 15.03 KB
14:50:18  | Slot 89 (seq:826) | 1000000000000000000082600000...  | 1873     | 15.03 KB
14:50:19  | Slot 372 (seq:827) | 1000000000000000000082700000...  | 1921     | 15.03 KB
14:50:19  | Slot 699 (seq:828) | 1000000000000000000082800000...  | 1927     | 15.03 KB
14:50:20  | Slot 839 (seq:829) | 1000000000000000000082900000...  | 1954     | 15.03 KB
14:50:20  | Slot 240 (seq:830) | 1000000000000000000083000000...  | 1955     | 15.03 KB
14:50:21  | Slot 904 (seq:831) | 1000000000000000000083100000...  | 1960     | 15.03 KB
14:50:21  | Slot 712 (seq:832) | 1000000000000000000083200000...  | 1960     | 15.03 KB
14:50:22  | Slot 60 (seq:833) | 1000000000000000000083300000...  | 1963     | 15.03 KB
14:50:22  | Slot 981 (seq:834) | 1000000000000000000083400000...  | 1964     | 15.03 KB
14:50:23  | Slot 148 (seq:835) | 1000000000000000000083500000...  | 1975     | 15.03 KB
14:50:23  | Slot 459 (seq:836) | 1000000000000000000083600000...  | 1980     | 15.03 KB
14:50:24  | Slot 486 (seq:837) | 1000000000000000000083700000...  | 1986     | 15.03 KB
14:50:24  | Slot 379 (seq:838) | 1000000000000000000083800000...  | 2030     | 15.03 KB
14:50:25  | Slot 666 (seq:839) | 1000000000000000000083900000...  | 2030     | 15.03 KB
14:50:25  | Slot 111 (seq:840) | 1000000000000000000084000000...  | 2030     | 15.03 KB
14:50:26  | Slot 886 (seq:841) | 1000000000000000000084100000...  | 2034     | 15.03 KB
14:50:26  | Slot 870 (seq:842) | 1000000000000000000084200000...  | 2038     | 15.03 KB
14:50:27  | Slot 525 (seq:843) | 1000000000000000000084300000...  | 2041     | 15.03 KB
14:50:27  | Slot 64 (seq:844) | 1000000000000000000084400000...  | 2041     | 15.03 KB
14:50:28  | Slot 248 (seq:845) | 1000000000000000000084500000...  | 2041     | 15.03 KB
14:50:28  | Slot 71 (seq:846) | 1000000000000000000084600000...  | 2043     | 15.03 KB
14:50:29  | Slot 916 (seq:847) | 1000000000000000000084700000...  | 2052     | 15.03 KB
14:50:29  | Slot 754 (seq:848) | 1000000000000000000084800000...  | 2055     | 15.03 KB
14:50:30  | Slot 450 (seq:849) | 1000000000000000000084900000...  | 2063     | 15.03 KB
14:50:30  | Slot 33 (seq:850) | 1000000000000000000085000000...  | 2064     | 15.03 KB
14:50:31  | Slot 762 (seq:851) | 1000000000000000000085100000...  | 2066     | 15.03 KB
14:50:31  | Slot 740 (seq:852) | 1000000000000000000085200000...  | 2068     | 15.03 KB
14:50:32  | Slot 908 (seq:853) | 1000000000000000000085300000...  | 2087     | 15.03 KB
14:50:32  | Slot 295 (seq:854) | 1000000000000000000085400000...  | 2087     | 15.03 KB
14:50:33  | Slot 222 (seq:855) | 1000000000000000000085500000...  | 2091     | 15.03 KB
14:50:33  | Slot 707 (seq:856) | 1000000000000000000085600000...  | 2092     | 15.03 KB
14:50:34  | Slot 377 (seq:857) | 1000000000000000000085700000...  | 2139     | 15.03 KB
14:50:34  | Slot 641 (seq:858) | 1000000000000000000085800000...  | 2145     | 15.03 KB
14:50:35  | Slot 418 (seq:859) | 1000000000000000000085900000...  | 2153     | 15.03 KB
14:50:35  | Slot 814 (seq:860) | 1000000000000000000086000000...  | 2230     | 15.03 KB
14:50:36  | Slot 983 (seq:861) | 1000000000000000000086100000...  | 2230     | 15.03 KB
14:50:36  | Slot 444 (seq:862) | 1000000000000000000086200000...  | 2251     | 15.03 KB
14:50:37  | Slot 103 (seq:863) | 1000000000000000000086300000...  | 2258     | 15.03 KB
14:50:37  | Slot 598 (seq:864) | 1000000000000000000086400000...  | 2262     | 15.03 KB
14:50:38  | Slot 605 (seq:865) | 1000000000000000000086500000...  | 2262     | 15.03 KB
14:50:38  | Slot 499 (seq:866) | 1000000000000000000086600000...  | 2267     | 15.03 KB
14:50:39  | Slot 610 (seq:867) | 1000000000000000000086700000...  | 2267     | 15.03 KB
14:50:39  | Slot 560 (seq:868) | 1000000000000000000086800000...  | 2284     | 15.03 KB
14:50:40  | Slot 259 (seq:869) | 1000000000000000000086900000...  | 2287     | 15.03 KB
14:50:40  | Slot 65 (seq:870) | 1000000000000000000087000000...  | 2290     | 15.03 KB
14:50:41  | Slot 95 (seq:871) | 1000000000000000000087100000...  | 2295     | 15.03 KB
14:50:41  | Slot 990 (seq:872) | 1000000000000000000087200000...  | 2295     | 15.03 KB
14:50:42  | Slot 461 (seq:873) | 1000000000000000000087300000...  | 2300     | 15.03 KB
14:50:42  | Slot 461 (seq:874) | 1000000000000000000087400000...  | 2306     | 15.03 KB
14:50:43  | Slot 818 (seq:875) | 1000000000000000000087500000...  | 2381     | 15.03 KB
14:50:43  | Slot 691 (seq:876) | 1000000000000000000087600000...  | 2381     | 15.03 KB
14:50:44  | Slot 321 (seq:877) | 1000000000000000000087700000...  | 2529     | 15.03 KB
14:50:44  | Slot 278 (seq:878) | 1000000000000000000087800000...  | 2529     | 15.03 KB
14:50:45  | Slot 972 (seq:879) | 1000000000000000000087900000...  | 2541     | 15.03 KB
14:50:45  | Slot 769 (seq:880) | 1000000000000000000088000000...  | 2667     | 15.03 KB
14:50:46  | Slot 381 (seq:881) | 1000000000000000000088100000...  | 2758     | 15.03 KB
14:50:46  | Slot 511 (seq:882) | 1000000000000000000088200000...  | 2760     | 15.03 KB
14:50:47  | Slot 421 (seq:883) | 1000000000000000000088300000...  | 2813     | 15.03 KB
14:50:47  | Slot 886 (seq:884) | 1000000000000000000088400000...  | 2855     | 15.03 KB
14:50:48  | Slot 274 (seq:885) | 1000000000000000000088500000...  | 2866     | 15.03 KB
14:50:48  | Slot 736 (seq:886) | 1000000000000000000088600000...  | 2868     | 15.03 KB
14:50:49  | Slot 197 (seq:887) | 1000000000000000000088700000...  | 2869     | 15.03 KB
14:50:49  | Slot 386 (seq:888) | 1000000000000000000088800000...  | 2959     | 15.03 KB
14:50:50  | Slot 478 (seq:889) | 1000000000000000000088900000...  | 2959     | 15.03 KB
14:50:50  | Slot 556 (seq:890) | 1000000000000000000089000000...  | 2981     | 15.03 KB
14:50:51  | Slot 667 (seq:891) | 1000000000000000000089100000...  | 2985     | 15.03 KB
14:50:51  | Slot 965 (seq:892) | 1000000000000000000089200000...  | 2985     | 15.03 KB
14:50:52  | Slot 283 (seq:893) | 1000000000000000000089300000...  | 2989     | 15.03 KB
14:50:52  | Slot 485 (seq:894) | 1000000000000000000089400000...  | 3009     | 15.03 KB
14:50:53  | Slot 981 (seq:895) | 1000000000000000000089500000...  | 3013     | 15.03 KB
14:50:53  | Slot 919 (seq:896) | 1000000000000000000089600000...  | 3023     | 15.03 KB
14:50:54  | Slot 11 (seq:897) | 1000000000000000000089700000...  | 3026     | 15.03 KB
14:50:54  | Slot 986 (seq:898) | 1000000000000000000089800000...  | 3026     | 15.03 KB
14:50:55  | Slot 618 (seq:899) | 1000000000000000000089900000...  | 3028     | 15.03 KB
14:50:55  | Slot 116 (seq:900) | 1000000000000000000090000000...  | 3031     | 15.03 KB
14:50:56  | Slot 217 (seq:901) | 1000000000000000000090100000...  | 3041     | 15.03 KB
14:50:56  | Slot 24 (seq:902) | 1000000000000000000090200000...  | 3043     | 15.03 KB
14:50:57  | Slot 341 (seq:903) | 1000000000000000000090300000...  | 3184     | 15.03 KB
14:50:57  | Slot 562 (seq:904) | 1000000000000000000090400000...  | 3225     | 15.03 KB
14:50:58  | Slot 301 (seq:905) | 1000000000000000000090500000...  | 3227     | 15.03 KB
14:50:58  | Slot 932 (seq:906) | 1000000000000000000090600000...  | 3228     | 15.03 KB
14:50:59  | Slot 953 (seq:907) | 1000000000000000000090700000...  | 3238     | 15.03 KB
14:50:59  | Slot 152 (seq:908) | 1000000000000000000090800000...  | 3259     | 15.03 KB
14:51:00  | Slot 64 (seq:909) | 1000000000000000000090900000...  | 3269     | 15.03 KB
14:51:00  | Slot 31 (seq:910) | 1000000000000000000091000000...  | 3313     | 15.03 KB
14:51:01  | Slot 237 (seq:911) | 1000000000000000000091100000...  | 3313     | 15.03 KB
14:51:01  | Slot 890 (seq:912) | 1000000000000000000091200000...  | 3353     | 15.03 KB
14:51:02  | Slot 517 (seq:913) | 1000000000000000000091300000...  | 3354     | 15.03 KB
14:51:02  | Slot 374 (seq:914) | 1000000000000000000091400000...  | 3463     | 15.03 KB
14:51:03  | Slot 38 (seq:915) | 1000000000000000000091500000...  | 3547     | 15.03 KB
14:51:03  | Slot 271 (seq:916) | 1000000000000000000091600000...  | 3564     | 15.03 KB
14:51:04  | Slot 115 (seq:917) | 1000000000000000000091700000...  | 3625     | 15.03 KB
14:51:04  | Slot 996 (seq:918) | 1000000000000000000091800000...  | 3646     | 15.03 KB
14:51:05  | Slot 939 (seq:919) | 1000000000000000000091900000...  | 3646     | 15.03 KB
14:51:05  | Slot 258 (seq:920) | 1000000000000000000092000000...  | 3651     | 15.03 KB
14:51:06  | Slot 149 (seq:921) | 1000000000000000000092100000...  | 3679     | 15.03 KB
14:51:06  | Slot 684 (seq:922) | 1000000000000000000092200000...  | 3679     | 15.03 KB
14:51:07  | Slot 714 (seq:923) | 1000000000000000000092300000...  | 3683     | 15.03 KB
14:51:07  | Slot 993 (seq:924) | 1000000000000000000092400000...  | 3708     | 15.03 KB
14:51:08  | Slot 634 (seq:925) | 1000000000000000000092500000...  | 3722     | 15.03 KB
14:51:08  | Slot 802 (seq:926) | 1000000000000000000092600000...  | 3854     | 15.03 KB
14:51:09  | Slot 736 (seq:927) | 1000000000000000000092700000...  | 3861     | 15.03 KB
14:51:09  | Slot 321 (seq:928) | 1000000000000000000092800000...  | 4046     | 15.03 KB
14:51:10  | Slot 92 (seq:929) | 1000000000000000000092900000...  | 4142     | 15.03 KB
14:51:10  | Slot 472 (seq:930) | 1000000000000000000093000000...  | 4177     | 15.03 KB
14:51:11  | Slot 257 (seq:931) | 1000000000000000000093100000...  | 4184     | 15.03 KB
14:51:11  | Slot 275 (seq:932) | 1000000000000000000093200000...  | 4199     | 15.03 KB
14:51:12  | Slot 83 (seq:933) | 1000000000000000000093300000...  | 4308     | 15.03 KB
14:51:12  | Slot 883 (seq:934) | 1000000000000000000093400000...  | 4360     | 15.03 KB
14:51:13  | Slot 204 (seq:935) | 1000000000000000000093500000...  | 4364     | 15.03 KB
14:51:13  | Slot 524 (seq:936) | 1000000000000000000093600000...  | 4369     | 15.03 KB
14:51:14  | Slot 402 (seq:937) | 1000000000000000000093700000...  | 4475     | 15.03 KB
14:51:14  | Slot 500 (seq:938) | 1000000000000000000093800000...  | 4484     | 15.03 KB
14:51:15  | Slot 191 (seq:939) | 1000000000000000000093900000...  | 4486     | 15.03 KB
14:51:15  | Slot 137 (seq:940) | 1000000000000000000094000000...  | 4558     | 15.03 KB
14:51:16  | Slot 128 (seq:941) | 1000000000000000000094100000...  | 4658     | 15.03 KB
14:51:16  | Slot 675 (seq:942) | 1000000000000000000094200000...  | 4666     | 15.03 KB
14:51:17  | Slot 778 (seq:943) | 1000000000000000000094300000...  | 4824     | 15.03 KB
14:51:17  | Slot 223 (seq:944) | 1000000000000000000094400000...  | 4831     | 15.03 KB
14:51:18  | Slot 174 (seq:945) | 1000000000000000000094500000...  | 4889     | 15.03 KB
14:51:18  | Slot 52 (seq:946) | 1000000000000000000094600000...  | 5070     | 15.03 KB
14:51:19  | Slot 365 (seq:947) | 1000000000000000000094700000...  | 5215     | 15.03 KB
14:51:19  | Slot 67 (seq:948) | 1000000000000000000094800000...  | 5386     | 15.03 KB
14:51:20  | Slot 738 (seq:949) | 1000000000000000000094900000...  | 5413     | 15.03 KB
14:51:20  | Slot 264 (seq:950) | 1000000000000000000095000000...  | 5414     | 15.03 KB
14:51:21  | Slot 168 (seq:951) | 1000000000000000000095100000...  | 5485     | 15.03 KB
14:51:21  | Slot 541 (seq:952) | 1000000000000000000095200000...  | 5548     | 15.03 KB
14:51:22  | Slot 784 (seq:953) | 1000000000000000000095300000...  | 5705     | 15.03 KB
14:51:22  | Slot 348 (seq:954) | 1000000000000000000095400000...  | 5871     | 15.03 KB
14:51:23  | Slot 106 (seq:955) | 1000000000000000000095500000...  | 6009     | 15.03 KB
14:51:23  | Slot 462 (seq:956) | 1000000000000000000095600000...  | 6066     | 15.03 KB
14:51:24  | Slot 920 (seq:957) | 1000000000000000000095700000...  | 6110     | 15.03 KB
14:51:24  | Slot 469 (seq:958) | 1000000000000000000095800000...  | 6171     | 15.03 KB
14:51:25  | Slot 300 (seq:959) | 1000000000000000000095900000...  | 6175     | 15.03 KB
14:51:25  | Slot 534 (seq:960) | 1000000000000000000096000000...  | 6176     | 15.03 KB
14:51:26  | Slot 383 (seq:961) | 1000000000000000000096100000...  | 6324     | 15.03 KB
14:51:26  | Slot 760 (seq:962) | 1000000000000000000096200000...  | 6330     | 15.03 KB
14:51:27  | Slot 194 (seq:963) | 1000000000000000000096300000...  | 6382     | 15.03 KB
14:51:27  | Slot 923 (seq:964) | 1000000000000000000096400000...  | 6425     | 15.03 KB
14:51:28  | Slot 469 (seq:965) | 1000000000000000000096500000...  | 6488     | 15.03 KB
14:51:28  | Slot 562 (seq:966) | 1000000000000000000096600000...  | 6547     | 15.03 KB
14:51:29  | Slot 64 (seq:967) | 1000000000000000000096700000...  | 6735     | 15.03 KB
14:51:29  | Slot 409 (seq:968) | 1000000000000000000096800000...  | 6862     | 15.03 KB
14:51:30  | Slot 920 (seq:969) | 1000000000000000000096900000...  | 6931     | 15.03 KB
14:51:30  | Slot 742 (seq:970) | 1000000000000000000097000000...  | 6956     | 15.03 KB
14:51:31  | Slot 511 (seq:971) | 1000000000000000000097100000...  | 7067     | 15.03 KB
14:51:31  | Slot 889 (seq:972) | 1000000000000000000097200000...  | 7170     | 15.03 KB
14:51:32  | Slot 525 (seq:973) | 1000000000000000000097300000...  | 7275     | 15.03 KB
14:51:32  | Slot 108 (seq:974) | 1000000000000000000097400000...  | 7421     | 15.03 KB
14:51:33  | Slot 213 (seq:975) | 1000000000000000000097500000...  | 7478     | 15.03 KB
14:51:33  | Slot 635 (seq:976) | 1000000000000000000097600000...  | 7493     | 15.03 KB
14:51:34  | Slot 186 (seq:977) | 1000000000000000000097700000...  | 7600     | 15.03 KB
14:51:34  | Slot 370 (seq:978) | 1000000000000000000097800000...  | 7861     | 15.03 KB
14:51:35  | Slot 92 (seq:979) | 1000000000000000000097900000...  | 8063     | 15.03 KB
14:51:35  | Slot 870 (seq:980) | 1000000000000000000098000000...  | 8213     | 15.03 KB
14:51:36  | Slot 101 (seq:981) | 1000000000000000000098100000...  | 8408     | 15.03 KB
14:51:36  | Slot 567 (seq:982) | 1000000000000000000098200000...  | 8505     | 15.03 KB
14:51:37  | Slot 362 (seq:983) | 1000000000000000000098300000...  | 8808     | 15.03 KB
14:51:37  | Slot 813 (seq:984) | 1000000000000000000098400000...  | 9018     | 15.03 KB
14:51:38  | Slot 20 (seq:985) | 1000000000000000000098500000...  | 9025     | 15.03 KB
14:51:38  | Slot 981 (seq:986) | 1000000000000000000098600000...  | 9341     | 15.03 KB
14:51:39  | Slot 59 (seq:987) | 1000000000000000000098700000...  | 9580     | 15.03 KB
14:51:40  | Slot 462 (seq:988) | 1000000000000000000098800000...  | 9804     | 15.03 KB
14:51:40  | Slot 109 (seq:989) | 1000000000000000000098900000...  | 10002    | 15.03 KB
14:51:41  | Slot 903 (seq:990) | 1000000000000000000099000000...  | 10414    | 15.03 KB
14:51:41  | Slot 789 (seq:991) | 1000000000000000000099100000...  | 10941    | 15.03 KB
14:51:42  | Slot 229 (seq:992) | 1000000000000000000099200000...  | 11029    | 15.03 KB
14:51:42  | Slot 126 (seq:993) | 1000000000000000000099300000...  | 11590    | 15.03 KB
14:51:43  | Slot 721 (seq:994) | 1000000000000000000099400000...  | 11598    | 15.03 KB
14:51:43  | Slot 509 (seq:995) | 1000000000000000000099500000...  | 11779    | 15.03 KB
14:51:44  | Slot 51 (seq:996) | 1000000000000000000099600000...  | 12421    | 15.03 KB
14:51:44  | Slot 129 (seq:997) | 1000000000000000000099700000...  | 12986    | 15.03 KB
14:51:45  | Slot 154 (seq:998) | 1000000000000000000099800000...  | 13541    | 15.03 KB
14:51:45  | Slot 700 (seq:999) | 1000000000000000000099900000...  | 13551    | 15.03 KB
14:51:46  | Slot 935 (seq:1000) | 1000000000000000000100000000...  | 14327    | 15.03 KB
14:51:46  | Slot 487 (seq:1001) | 1000000000000000000100100000...  | 14574    | 15.03 KB
